<html>
<body>
<pre>
<h1>µVision Build Log</h1>
<h2>Tool Versions:</h2>
IDE-Version: µVision V5.25.2.0
Copyright (C) 2018 ARM Ltd and ARM Germany GmbH. All rights reserved.
License Information: Ahmed Musani, CodeX, LIC=TA312-98LLH-AVN1J-UBG98-2LW2Q-78C0Y
 
Tool Versions:
Toolchain:       MDK-ARM Professional  Version: 5.25.2.0
Toolchain Path:  C:\Keil_v5\ARM\ARMCC\Bin
C Compiler:      Armcc.exe V5.06 update 6 (build 750)
Assembler:       Armasm.exe V5.06 update 6 (build 750)
Linker/Locator:  ArmLink.exe V5.06 update 6 (build 750)
Library Manager: ArmAr.exe V5.06 update 6 (build 750)
Hex Converter:   FromElf.exe V5.06 update 6 (build 750)
CPU DLL:         
Dialog DLL:      
Target DLL:      Segger\JL2CM3.dll V2.99.29.0
Dialog DLL:      TCM.DLL V1.35.1.0
 
<h2>Project:</h2>
E:\nrf52832\nRF5_SDK_15.2.0_9412b96\examples\peripheral\bh1790glc BETA\pca10040\blank\arm5_no_packs\twi_scanner_pca10040.uvprojx
Project File Date:  06/03/2019

<h2>Output:</h2>
*** Using Compiler 'V5.06 update 6 (build 750)', folder: 'C:\Keil_v5\ARM\ARMCC\Bin'
Build target 'nrf52832_xxaa'
compiling main.c...
..\..\..\register map.h(46): warning:  #1-D: last line of file ends without a newline
  #define DATAOUT_LEDOn_HIGH_BYTE  0x57
..\..\..\main.c(83): warning:  #940-D: missing return statement at end of non-void function "write_register" 
  }
..\..\..\main.c(89): warning:  #1295-D: Deprecated declaration BH1790GLC_Init - give arg types
  void BH1790GLC_Init();
..\..\..\main.c(90): warning:  #1295-D: Deprecated declaration BH1790GLC_Config - give arg types
  void	BH1790GLC_Config();
..\..\..\main.c(95): warning:  #550-D: variable "err_code"  was set but never used
      ret_code_t err_code;
..\..\..\main.c(96): warning:  #177-D: variable "address"  was declared but never referenced
      uint8_t address;
..\..\..\main.c(97): warning:  #177-D: variable "sample_data"  was declared but never referenced
      uint8_t sample_data;
..\..\..\main.c(98): warning:  #177-D: variable "detected_device"  was declared but never referenced
      bool detected_device = false;
..\..\..\main.c(127): warning:  #177-D: variable "data"  was declared but never referenced
  		uint8_t data[3];
..\..\..\main.c: 9 warnings, 0 errors
linking...
Program Size: Code=10560 RO-data=1076 RW-data=164 ZI-data=9844  
FromELF: creating hex file...
".\_build\nrf52832_xxaa.axf" - 0 Error(s), 9 Warning(s).

<h2>Software Packages used:</h2>

Package Vendor: ARM
                http://www.keil.com/pack/ARM.CMSIS.4.5.0.pack
                ARM.CMSIS.4.5.0
                CMSIS (Cortex Microcontroller Software Interface Standard)
   * Component: CORE Version: 4.3.0

Package Vendor: NordicSemiconductor
                http://developer.nordicsemi.com/nRF5_SDK/pieces/nRF_DeviceFamilyPack/NordicSemiconductor.nRF_DeviceFamilyPack.8.17.0.pack
                NordicSemiconductor.nRF_DeviceFamilyPack.8.17.0
                Nordic Semiconductor nRF ARM devices Device Family Pack with Nordic License.
   * Component: Startup Version: 8.17.0

<h2>Collection of Component include folders:</h2>
  .\RTE\_nrf52832_xxaa
  C:\Keil_v5\ARM\PACK\ARM\CMSIS\4.5.0\CMSIS\Include
  C:\Keil_v5\ARM\PACK\NordicSemiconductor\nRF_DeviceFamilyPack\8.17.0\Device\Include

<h2>Collection of Component Files used:</h2>

   * Component: ARM::CMSIS:CORE:4.3.0

   * Component: NordicSemiconductor::Device:Startup:8.17.0
      Source file:   Device\Source\system_nrf52.c
      Source file:   Device\Source\arm\arm_startup_nrf52.s
      Include file:  Device\Include\system_nrf52.h
Build Time Elapsed:  00:00:02
</pre>
</body>
</html>
