Component: ARM Compiler 5.06 update 6 (build 750) Tool: armlink [4d35ed]

==============================================================================

Section Cross References

    main.o(i.BH1790GLC_Config) refers to main.o(i.write_register) for write_register
    main.o(i.BH1790GLC_Config) refers to app_error.o(i.app_error_handler_bare) for app_error_handler_bare
    main.o(i.BH1790GLC_Init) refers to main.o(i.read_register) for read_register
    main.o(i.BH1790GLC_Init) refers to nrf_log_frontend.o(i.nrf_log_frontend_std_0) for nrf_log_frontend_std_0
    main.o(i.BH1790GLC_Init) refers to app_error.o(i.app_error_handler_bare) for app_error_handler_bare
    main.o(i.BH1790GLC_Init) refers to nrf_log_frontend.o(i.nrf_log_frontend_std_1) for nrf_log_frontend_std_1
    main.o(i.BH1790GLC_Init) refers to nrf_log_frontend.o(log_const_data) for m_nrf_log_app_logs_data_const
    main.o(i.main) refers to nrf_log_frontend.o(i.nrf_log_init) for nrf_log_init
    main.o(i.main) refers to app_error.o(i.app_error_handler_bare) for app_error_handler_bare
    main.o(i.main) refers to nrf_log_default_backends.o(i.nrf_log_default_backends_init) for nrf_log_default_backends_init
    main.o(i.main) refers to main.o(i.twi_init) for twi_init
    main.o(i.main) refers to main.o(i.BH1790GLC_Init) for BH1790GLC_Init
    main.o(i.main) refers to main.o(i.BH1790GLC_Config) for BH1790GLC_Config
    main.o(i.main) refers to main.o(i.read_register) for read_register
    main.o(i.main) refers to nrf_log_frontend.o(i.nrf_log_frontend_std_1) for nrf_log_frontend_std_1
    main.o(i.main) refers to nrf_log_frontend.o(i.nrf_log_frontend_dequeue) for nrf_log_frontend_dequeue
    main.o(i.main) refers to main.o(.data) for .data
    main.o(i.main) refers to nrf_log_frontend.o(log_const_data) for m_nrf_log_app_logs_data_const
    main.o(i.main) refers to main.o(.constdata) for .constdata
    main.o(i.nrf_drv_twi_tx) refers to nrfx_twim.o(i.nrfx_twim_tx) for nrfx_twim_tx
    main.o(i.read_register) refers to main.o(i.nrf_drv_twi_tx) for nrf_drv_twi_tx
    main.o(i.read_register) refers to nrfx_twim.o(i.nrfx_twim_rx) for nrfx_twim_rx
    main.o(i.read_register) refers to main.o(.constdata) for .constdata
    main.o(i.twi_init) refers to nrf_drv_twi.o(i.nrf_drv_twi_init) for nrf_drv_twi_init
    main.o(i.twi_init) refers to app_error.o(i.app_error_handler_bare) for app_error_handler_bare
    main.o(i.twi_init) refers to nrfx_twim.o(i.nrfx_twim_enable) for nrfx_twim_enable
    main.o(i.twi_init) refers to main.o(.constdata) for .constdata
    main.o(i.write_register) refers to main.o(i.nrf_drv_twi_tx) for nrf_drv_twi_tx
    main.o(i.write_register) refers to app_error.o(i.app_error_handler_bare) for app_error_handler_bare
    main.o(i.write_register) refers to main.o(.constdata) for .constdata
    boards.o(i.bsp_board_button_idx_to_pin) refers to boards.o(.constdata) for .constdata
    boards.o(i.bsp_board_button_state_get) refers to boards.o(.constdata) for .constdata
    boards.o(i.bsp_board_init) refers to boards.o(i.nrf_gpio_cfg) for nrf_gpio_cfg
    boards.o(i.bsp_board_init) refers to boards.o(i.bsp_board_leds_off) for bsp_board_leds_off
    boards.o(i.bsp_board_init) refers to boards.o(.constdata) for .constdata
    boards.o(i.bsp_board_led_idx_to_pin) refers to boards.o(.constdata) for .constdata
    boards.o(i.bsp_board_led_invert) refers to boards.o(.constdata) for .constdata
    boards.o(i.bsp_board_led_off) refers to boards.o(i.nrf_gpio_pin_write) for nrf_gpio_pin_write
    boards.o(i.bsp_board_led_off) refers to boards.o(.constdata) for .constdata
    boards.o(i.bsp_board_led_on) refers to boards.o(i.nrf_gpio_pin_write) for nrf_gpio_pin_write
    boards.o(i.bsp_board_led_on) refers to boards.o(.constdata) for .constdata
    boards.o(i.bsp_board_led_state_get) refers to boards.o(.constdata) for .constdata
    boards.o(i.bsp_board_leds_off) refers to boards.o(i.bsp_board_led_off) for bsp_board_led_off
    boards.o(i.bsp_board_leds_on) refers to boards.o(i.bsp_board_led_on) for bsp_board_led_on
    boards.o(i.bsp_board_pin_to_button_idx) refers to boards.o(.constdata) for .constdata
    boards.o(i.bsp_board_pin_to_led_idx) refers to boards.o(.constdata) for .constdata
    nrf_drv_twi.o(i.nrf_drv_twi_init) refers to nrf_drv_twi.o(i.twi_clear_bus) for twi_clear_bus
    nrf_drv_twi.o(i.nrf_drv_twi_init) refers to nrfx_twim.o(i.nrfx_twim_init) for nrfx_twim_init
    nrf_drv_twi.o(i.nrf_drv_twi_init) refers to nrf_drv_twi.o(.data) for .data
    nrf_drv_twi.o(i.nrf_drv_twi_init) refers to nrf_drv_twi.o(i.twim_evt_handler) for twim_evt_handler
    nrf_drv_twi.o(i.nrfx_coredep_delay_us) refers to nrf_drv_twi.o(.constdata) for .constdata
    nrf_drv_twi.o(i.twi_clear_bus) refers to nrf_drv_twi.o(i.nrf_gpio_pin_set) for nrf_gpio_pin_set
    nrf_drv_twi.o(i.twi_clear_bus) refers to nrf_drv_twi.o(i.nrfx_coredep_delay_us) for nrfx_coredep_delay_us
    nrf_drv_twi.o(i.twim_evt_handler) refers to nrf_drv_twi.o(.data) for .data
[...]
    Removing segger_rtt.o(i.SEGGER_RTT_HasKey), (32 bytes).
    Removing segger_rtt.o(i.SEGGER_RTT_Init), (4 bytes).
    Removing segger_rtt.o(i.SEGGER_RTT_PutChar), (88 bytes).
    Removing segger_rtt.o(i.SEGGER_RTT_PutCharSkip), (76 bytes).
    Removing segger_rtt.o(i.SEGGER_RTT_PutCharSkipNoLock), (52 bytes).
    Removing segger_rtt.o(i.SEGGER_RTT_Read), (36 bytes).
    Removing segger_rtt.o(i.SEGGER_RTT_ReadNoLock), (120 bytes).
    Removing segger_rtt.o(i.SEGGER_RTT_SetFlagsDownBuffer), (60 bytes).
    Removing segger_rtt.o(i.SEGGER_RTT_SetFlagsUpBuffer), (60 bytes).
    Removing segger_rtt.o(i.SEGGER_RTT_SetNameDownBuffer), (60 bytes).
    Removing segger_rtt.o(i.SEGGER_RTT_SetNameUpBuffer), (60 bytes).
    Removing segger_rtt.o(i.SEGGER_RTT_SetTerminal), (128 bytes).
    Removing segger_rtt.o(i.SEGGER_RTT_TerminalOut), (168 bytes).
    Removing segger_rtt.o(i.SEGGER_RTT_WaitKey), (14 bytes).
    Removing segger_rtt.o(i.SEGGER_RTT_Write), (52 bytes).
    Removing segger_rtt.o(i.SEGGER_RTT_WriteNoLock), (92 bytes).
    Removing segger_rtt.o(i.SEGGER_RTT_WriteSkipNoLock), (116 bytes).
    Removing segger_rtt.o(i.SEGGER_RTT_WriteString), (26 bytes).
    Removing segger_rtt.o(i.SEGGER_RTT_WriteWithOverwriteNoLock), (148 bytes).
    Removing segger_rtt.o(i._DoInit), (104 bytes).
    Removing segger_rtt.o(i._GetAvailWriteSpace), (22 bytes).
    Removing segger_rtt.o(i._PostTerminalSwitch), (32 bytes).
    Removing segger_rtt.o(i._WriteBlocking), (90 bytes).
    Removing segger_rtt.o(i._WriteNoCheck), (66 bytes).
    Removing segger_rtt.o(.bss), (648 bytes).
    Removing segger_rtt.o(.data), (17 bytes).
    Removing segger_rtt_syscalls_keil.o(.rev16_text), (4 bytes).
    Removing segger_rtt_syscalls_keil.o(.revsh_text), (4 bytes).
    Removing segger_rtt_syscalls_keil.o(.rrx_text), (6 bytes).
    Removing segger_rtt_syscalls_keil.o(i._sys_close), (4 bytes).
    Removing segger_rtt_syscalls_keil.o(i._sys_command_string), (2 bytes).
    Removing segger_rtt_syscalls_keil.o(i._sys_ensure), (6 bytes).
    Removing segger_rtt_syscalls_keil.o(i._sys_exit), (2 bytes).
    Removing segger_rtt_syscalls_keil.o(i._sys_flen), (4 bytes).
    Removing segger_rtt_syscalls_keil.o(i._sys_istty), (14 bytes).
    Removing segger_rtt_syscalls_keil.o(i._sys_open), (44 bytes).
    Removing segger_rtt_syscalls_keil.o(i._sys_read), (4 bytes).
    Removing segger_rtt_syscalls_keil.o(i._sys_seek), (4 bytes).
    Removing segger_rtt_syscalls_keil.o(i._sys_tmpnam), (4 bytes).
    Removing segger_rtt_syscalls_keil.o(i._sys_write), (26 bytes).
    Removing segger_rtt_syscalls_keil.o(i._ttywrch), (24 bytes).
    Removing segger_rtt_syscalls_keil.o(.constdata), (14 bytes).
    Removing segger_rtt_printf.o(.rev16_text), (4 bytes).
    Removing segger_rtt_printf.o(.revsh_text), (4 bytes).
    Removing segger_rtt_printf.o(.rrx_text), (6 bytes).
    Removing segger_rtt_printf.o(i.SEGGER_RTT_printf), (22 bytes).
    Removing segger_rtt_printf.o(i.SEGGER_RTT_vprintf), (406 bytes).
    Removing segger_rtt_printf.o(i._PrintInt), (198 bytes).
    Removing segger_rtt_printf.o(i._PrintUnsigned), (212 bytes).
    Removing segger_rtt_printf.o(i._StoreChar), (62 bytes).
    Removing segger_rtt_printf.o(.constdata), (16 bytes).
    Removing arm_startup_nrf52.o(HEAP), (8192 bytes).
    Removing system_nrf52.o(.rev16_text), (4 bytes).
    Removing system_nrf52.o(.revsh_text), (4 bytes).
    Removing system_nrf52.o(.rrx_text), (6 bytes).
    Removing system_nrf52.o(i.SystemCoreClockUpdate), (16 bytes).

229 unused section(s) (total 16890 bytes) removed from the image.

==============================================================================

Image Symbol Table

    Local Symbols

    Symbol Name                              Value     Ov Type        Size  Object(Section)

    RESET                                    0x00000000   Section      512  arm_startup_nrf52.o(RESET)
    ../clib/microlib/ctype/ctype.c           0x00000000   Number         0  ispunct_o.o ABSOLUTE
    ../clib/microlib/ctype/ctype.c           0x00000000   Number         0  isgraph_o.o ABSOLUTE
    ../clib/microlib/ctype/ctype.c           0x00000000   Number         0  isdigit_o.o ABSOLUTE
    ../clib/microlib/ctype/ctype.c           0x00000000   Number         0  isalpha_o.o ABSOLUTE
    ../clib/microlib/ctype/ctype.c           0x00000000   Number         0  isblank_o.o ABSOLUTE
    ../clib/microlib/ctype/ctype.c           0x00000000   Number         0  isalnum_o.o ABSOLUTE
    ../clib/microlib/ctype/ctype.c           0x00000000   Number         0  ctype_o.o ABSOLUTE
    ../clib/microlib/ctype/ctype.c           0x00000000   Number         0  islower_o.o ABSOLUTE
    ../clib/microlib/ctype/ctype.c           0x00000000   Number         0  isxdigit_o.o ABSOLUTE
    ../clib/microlib/ctype/ctype.c           0x00000000   Number         0  isupper_o.o ABSOLUTE
    ../clib/microlib/ctype/ctype.c           0x00000000   Number         0  isspace_o.o ABSOLUTE
    ../clib/microlib/ctype/ctype.c           0x00000000   Number         0  iscntrl_o.o ABSOLUTE
    ../clib/microlib/ctype/ctype.c           0x00000000   Number         0  isprint_o.o ABSOLUTE
    ../clib/microlib/init/entry.s            0x00000000   Number         0  entry10b.o ABSOLUTE
    ../clib/microlib/init/entry.s            0x00000000   Number         0  entry9b.o ABSOLUTE
    ../clib/microlib/init/entry.s            0x00000000   Number         0  entry9a.o ABSOLUTE
    ../clib/microlib/init/entry.s            0x00000000   Number         0  entry8b.o ABSOLUTE
    ../clib/microlib/init/entry.s            0x00000000   Number         0  entry8a.o ABSOLUTE
    ../clib/microlib/init/entry.s            0x00000000   Number         0  entry7b.o ABSOLUTE
    ../clib/microlib/init/entry.s            0x00000000   Number         0  entry7a.o ABSOLUTE
    ../clib/microlib/init/entry.s            0x00000000   Number         0  entry5.o ABSOLUTE
    ../clib/microlib/init/entry.s            0x00000000   Number         0  entry2.o ABSOLUTE
    ../clib/microlib/init/entry.s            0x00000000   Number         0  entry10a.o ABSOLUTE
    ../clib/microlib/init/entry.s            0x00000000   Number         0  entry11b.o ABSOLUTE
    ../clib/microlib/init/entry.s            0x00000000   Number         0  entry11a.o ABSOLUTE
    ../clib/microlib/init/entry.s            0x00000000   Number         0  entry.o ABSOLUTE
    ../clib/microlib/stdio/fflush.c          0x00000000   Number         0  fflush.o ABSOLUTE
    ../clib/microlib/stdio/fputc.c           0x00000000   Number         0  fputc.o ABSOLUTE
    ../clib/microlib/stdio/semi.s            0x00000000   Number         0  semi.o ABSOLUTE
    ../clib/microlib/stdio/streams.c         0x00000000   Number         0  stdout.o ABSOLUTE
    ../clib/microlib/string/memcpy.c         0x00000000   Number         0  memcpyb.o ABSOLUTE
    ../clib/microlib/string/memcpy.c         0x00000000   Number         0  memcpya.o ABSOLUTE
    ../clib/microlib/string/memset.c         0x00000000   Number         0  memseta.o ABSOLUTE
    ../clib/microlib/string/strcmp.c         0x00000000   Number         0  strcmp.o ABSOLUTE
    ../clib/microlib/string/strcpy.c         0x00000000   Number         0  strcpy.o ABSOLUTE
    ../clib/microlib/string/strlen.c         0x00000000   Number         0  strlen.o ABSOLUTE
    ../clib/microlib/stubs.s                 0x00000000   Number         0  iusesemip.o ABSOLUTE
    ../clib/microlib/stubs.s                 0x00000000   Number         0  useno.o ABSOLUTE
    ..\..\..\..\..\..\components\boards\boards.c 0x00000000   Number         0  boards.o ABSOLUTE
    ..\..\..\..\..\..\components\libraries\atomic\nrf_atomic.c 0x00000000   Number         0  nrf_atomic.o ABSOLUTE
    ..\..\..\..\..\..\components\libraries\balloc\nrf_balloc.c 0x00000000   Number         0  nrf_balloc.o ABSOLUTE
    ..\..\..\..\..\..\components\libraries\log\src\nrf_log_backend_rtt.c 0x00000000   Number         0  nrf_log_backend_rtt.o ABSOLUTE
    ..\..\..\..\..\..\components\libraries\log\src\nrf_log_backend_serial.c 0x00000000   Number         0  nrf_log_backend_serial.o ABSOLUTE
    ..\..\..\..\..\..\components\libraries\log\src\nrf_log_backend_uart.c 0x00000000   Number         0  nrf_log_backend_uart.o ABSOLUTE
    ..\..\..\..\..\..\components\libraries\log\src\nrf_log_default_backends.c 0x00000000   Number         0  nrf_log_default_backends.o ABSOLUTE
    ..\..\..\..\..\..\components\libraries\log\src\nrf_log_frontend.c 0x00000000   Number         0  nrf_log_frontend.o ABSOLUTE
    ..\..\..\..\..\..\components\libraries\log\src\nrf_log_str_formatter.c 0x00000000   Number         0  nrf_log_str_formatter.o ABSOLUTE
    ..\..\..\..\..\..\components\libraries\memobj\nrf_memobj.c 0x00000000   Number         0  nrf_memobj.o ABSOLUTE
    ..\..\..\..\..\..\components\libraries\ringbuf\nrf_ringbuf.c 0x00000000   Number         0  nrf_ringbuf.o ABSOLUTE
    ..\..\..\..\..\..\components\libraries\strerror\nrf_strerror.c 0x00000000   Number         0  nrf_strerror.o ABSOLUTE
    ..\..\..\..\..\..\components\libraries\util\app_error.c 0x00000000   Number         0  app_error.o ABSOLUTE
    ..\..\..\..\..\..\components\libraries\util\app_error_handler_keil.c 0x00000000   Number         0  app_error_handler_keil.o ABSOLUTE
    ..\..\..\..\..\..\components\libraries\util\app_error_weak.c 0x00000000   Number         0  app_error_weak.o ABSOLUTE
    ..\..\..\..\..\..\components\libraries\util\app_util_platform.c 0x00000000   Number         0  app_util_platform.o ABSOLUTE
    ..\..\..\..\..\..\components\libraries\util\nrf_assert.c 0x00000000   Number         0  nrf_assert.o ABSOLUTE
    ..\..\..\..\..\..\external\fprintf\nrf_fprintf.c 0x00000000   Number         0  nrf_fprintf.o ABSOLUTE
    ..\..\..\..\..\..\external\fprintf\nrf_fprintf_format.c 0x00000000   Number         0  nrf_fprintf_format.o ABSOLUTE
    ..\..\..\..\..\..\external\segger_rtt\SEGGER_RTT.c 0x00000000   Number         0  segger_rtt.o ABSOLUTE
    ..\..\..\..\..\..\external\segger_rtt\SEGGER_RTT_Syscalls_KEIL.c 0x00000000   Number         0  segger_rtt_syscalls_keil.o ABSOLUTE
    ..\..\..\..\..\..\external\segger_rtt\SEGGER_RTT_printf.c 0x00000000   Number         0  segger_rtt_printf.o ABSOLUTE
    ..\..\..\..\..\..\integration\nrfx\legacy\nrf_drv_twi.c 0x00000000   Number         0  nrf_drv_twi.o ABSOLUTE
    ..\..\..\..\..\..\integration\nrfx\legacy\nrf_drv_uart.c 0x00000000   Number         0  nrf_drv_uart.o ABSOLUTE
    ..\..\..\..\..\..\modules\nrfx\drivers\src\nrfx_twi.c 0x00000000   Number         0  nrfx_twi.o ABSOLUTE
    ..\..\..\..\..\..\modules\nrfx\drivers\src\nrfx_twim.c 0x00000000   Number         0  nrfx_twim.o ABSOLUTE
    ..\..\..\..\..\..\modules\nrfx\drivers\src\nrfx_uart.c 0x00000000   Number         0  nrfx_uart.o ABSOLUTE
    ..\..\..\..\..\..\modules\nrfx\drivers\src\nrfx_uarte.c 0x00000000   Number         0  nrfx_uarte.o ABSOLUTE
    ..\..\..\..\..\..\modules\nrfx\drivers\src\prs\nrfx_prs.c 0x00000000   Number         0  nrfx_prs.o ABSOLUTE
    ..\..\..\main.c                          0x00000000   Number         0  main.o ABSOLUTE
    ..\\..\\..\\..\\..\\..\\components\\boards\\boards.c 0x00000000   Number         0  boards.o ABSOLUTE
    ..\\..\\..\\..\\..\\..\\components\\libraries\\atomic\\nrf_atomic.c 0x00000000   Number         0  nrf_atomic.o ABSOLUTE
    ..\\..\\..\\..\\..\\..\\components\\libraries\\balloc\\nrf_balloc.c 0x00000000   Number         0  nrf_balloc.o ABSOLUTE
    ..\\..\\..\\..\\..\\..\\components\\libraries\\log\\src\\nrf_log_backend_rtt.c 0x00000000   Number         0  nrf_log_backend_rtt.o ABSOLUTE
    ..\\..\\..\\..\\..\\..\\components\\libraries\\log\\src\\nrf_log_backend_serial.c 0x00000000   Number         0  nrf_log_backend_serial.o ABSOLUTE
    ..\\..\\..\\..\\..\\..\\components\\libraries\\log\\src\\nrf_log_backend_uart.c 0x00000000   Number         0  nrf_log_backend_uart.o ABSOLUTE
    ..\\..\\..\\..\\..\\..\\components\\libraries\\log\\src\\nrf_log_default_backends.c 0x00000000   Number         0  nrf_log_default_backends.o ABSOLUTE
    ..\\..\\..\\..\\..\\..\\components\\libraries\\log\\src\\nrf_log_frontend.c 0x00000000   Number         0  nrf_log_frontend.o ABSOLUTE
    ..\\..\\..\\..\\..\\..\\components\\libraries\\log\\src\\nrf_log_str_formatter.c 0x00000000   Number         0  nrf_log_str_formatter.o ABSOLUTE
    ..\\..\\..\\..\\..\\..\\components\\libraries\\memobj\\nrf_memobj.c 0x00000000   Number         0  nrf_memobj.o ABSOLUTE
    ..\\..\\..\\..\\..\\..\\components\\libraries\\ringbuf\\nrf_ringbuf.c 0x00000000   Number         0  nrf_ringbuf.o ABSOLUTE
    ..\\..\\..\\..\\..\\..\\components\\libraries\\strerror\\nrf_strerror.c 0x00000000   Number         0  nrf_strerror.o ABSOLUTE
    ..\\..\\..\\..\\..\\..\\components\\libraries\\util\\app_error.c 0x00000000   Number         0  app_error.o ABSOLUTE
    ..\\..\\..\\..\\..\\..\\components\\libraries\\util\\app_error_handler_keil.c 0x00000000   Number         0  app_error_handler_keil.o ABSOLUTE
    ..\\..\\..\\..\\..\\..\\components\\libraries\\util\\app_error_weak.c 0x00000000   Number         0  app_error_weak.o ABSOLUTE
    ..\\..\\..\\..\\..\\..\\components\\libraries\\util\\app_util_platform.c 0x00000000   Number         0  app_util_platform.o ABSOLUTE
    ..\\..\\..\\..\\..\\..\\components\\libraries\\util\\nrf_assert.c 0x00000000   Number         0  nrf_assert.o ABSOLUTE
    ..\\..\\..\\..\\..\\..\\external\\fprintf\\nrf_fprintf.c 0x00000000   Number         0  nrf_fprintf.o ABSOLUTE
    ..\\..\\..\\..\\..\\..\\external\\fprintf\\nrf_fprintf_format.c 0x00000000   Number         0  nrf_fprintf_format.o ABSOLUTE
    ..\\..\\..\\..\\..\\..\\external\\segger_rtt\\SEGGER_RTT.c 0x00000000   Number         0  segger_rtt.o ABSOLUTE
    ..\\..\\..\\..\\..\\..\\external\\segger_rtt\\SEGGER_RTT_Syscalls_KEIL.c 0x00000000   Number         0  segger_rtt_syscalls_keil.o ABSOLUTE
    ..\\..\\..\\..\\..\\..\\external\\segger_rtt\\SEGGER_RTT_printf.c 0x00000000   Number         0  segger_rtt_printf.o ABSOLUTE
    ..\\..\\..\\..\\..\\..\\integration\\nrfx\\legacy\\nrf_drv_twi.c 0x00000000   Number         0  nrf_drv_twi.o ABSOLUTE
    ..\\..\\..\\..\\..\\..\\integration\\nrfx\\legacy\\nrf_drv_uart.c 0x00000000   Number         0  nrf_drv_uart.o ABSOLUTE
    ..\\..\\..\\..\\..\\..\\modules\\nrfx\\drivers\\src\\nrfx_twi.c 0x00000000   Number         0  nrfx_twi.o ABSOLUTE
    ..\\..\\..\\..\\..\\..\\modules\\nrfx\\drivers\\src\\nrfx_twim.c 0x00000000   Number         0  nrfx_twim.o ABSOLUTE
    ..\\..\\..\\..\\..\\..\\modules\\nrfx\\drivers\\src\\nrfx_uart.c 0x00000000   Number         0  nrfx_uart.o ABSOLUTE
    ..\\..\\..\\..\\..\\..\\modules\\nrfx\\drivers\\src\\nrfx_uarte.c 0x00000000   Number         0  nrfx_uarte.o ABSOLUTE
    ..\\..\\..\\..\\..\\..\\modules\\nrfx\\drivers\\src\\prs\\nrfx_prs.c 0x00000000   Number         0  nrfx_prs.o ABSOLUTE
    ..\\..\\..\\main.c                       0x00000000   Number         0  main.o ABSOLUTE
    RTE\Device\nRF52832_xxAA\arm_startup_nrf52.s 0x00000000   Number         0  arm_startup_nrf52.o ABSOLUTE
    RTE\Device\nRF52832_xxAA\system_nrf52.c  0x00000000   Number         0  system_nrf52.o ABSOLUTE
    RTE\\Device\\nRF52832_xxAA\\system_nrf52.c 0x00000000   Number         0  system_nrf52.o ABSOLUTE
    dc.s                                     0x00000000   Number         0  dc.o ABSOLUTE
    handlers.s                               0x00000000   Number         0  handlers.o ABSOLUTE
    init.s                                   0x00000000   Number         0  init.o ABSOLUTE
    .ARM.Collect$$$$00000000                 0x00000200   Section        0  entry.o(.ARM.Collect$$$$00000000)
    .ARM.Collect$$$$00000001                 0x00000200   Section        4  entry2.o(.ARM.Collect$$$$00000001)
    .ARM.Collect$$$$00000004                 0x00000204   Section        4  entry5.o(.ARM.Collect$$$$00000004)
    .ARM.Collect$$$$00000008                 0x00000208   Section        0  entry7b.o(.ARM.Collect$$$$00000008)
    .ARM.Collect$$$$0000000A                 0x00000208   Section        0  entry8b.o(.ARM.Collect$$$$0000000A)
    .ARM.Collect$$$$0000000B                 0x00000208   Section        8  entry9a.o(.ARM.Collect$$$$0000000B)
    .ARM.Collect$$$$0000000D                 0x00000210   Section        0  entry10a.o(.ARM.Collect$$$$0000000D)
    .ARM.Collect$$$$0000000F                 0x00000210   Section        0  entry11a.o(.ARM.Collect$$$$0000000F)
    .ARM.Collect$$$$00002712                 0x00000210   Section        4  entry2.o(.ARM.Collect$$$$00002712)
    __lit__00000000                          0x00000210   Data           4  entry2.o(.ARM.Collect$$$$00002712)
    .emb_text                                0x00000214   Section      226  nrf_atomic.o(.emb_text)
    $v0                                      0x00000214   Number         0  nrf_atomic.o(.emb_text)
    .text                                    0x000002f8   Section       36  arm_startup_nrf52.o(.text)
    $v0                                      0x000002f8   Number         0  arm_startup_nrf52.o(.text)
    .text                                    0x0000031c   Section        0  ctype_o.o(.text)
    .text                                    0x00000324   Section        0  memcpya.o(.text)
    .text                                    0x00000348   Section        0  memseta.o(.text)
    .text                                    0x0000036c   Section        0  strlen.o(.text)
    .text                                    0x0000037c   Section       36  init.o(.text)
    i.BH1790GLC_Config                       0x000003a0   Section        0  main.o(i.BH1790GLC_Config)
    i.BH1790GLC_Init                         0x000003d4   Section        0  main.o(i.BH1790GLC_Init)
    i.SPIM0_SPIS0_TWIM0_TWIS0_SPI0_TWI0_IRQHandler 0x000004ec   Section        0  nrfx_twim.o(i.SPIM0_SPIS0_TWIM0_TWIS0_SPI0_TWI0_IRQHandler)
    i.SPIM1_SPIS1_TWIM1_TWIS1_SPI1_TWI1_IRQHandler 0x000004fc   Section        0  nrfx_twim.o(i.SPIM1_SPIS1_TWIM1_TWIS1_SPI1_TWI1_IRQHandler)
    i.SystemInit                             0x0000050c   Section        0  system_nrf52.o(i.SystemInit)
    i.UARTE0_UART0_IRQHandler                0x00000828   Section        0  nrfx_prs.o(i.UARTE0_UART0_IRQHandler)
    i.__scatterload_copy                     0x00000834   Section       14  handlers.o(i.__scatterload_copy)
    i.__scatterload_null                     0x00000842   Section        2  handlers.o(i.__scatterload_null)
    i.__scatterload_zeroinit                 0x00000844   Section       14  handlers.o(i.__scatterload_zeroinit)
    i.app_error_fault_handler                0x00000854   Section        0  app_error_weak.o(i.app_error_fault_handler)
    i.app_error_handler_bare                 0x000008d8   Section        0  app_error.o(i.app_error_handler_bare)
    i.app_util_critical_region_enter         0x000008ee   Section        0  app_util_platform.o(i.app_util_critical_region_enter)
    i.app_util_critical_region_exit          0x000008f2   Section        0  app_util_platform.o(i.app_util_critical_region_exit)
    i.app_util_disable_irq                   0x000008f8   Section        0  app_util_platform.o(i.app_util_disable_irq)
    i.app_util_enable_irq                    0x00000908   Section        0  app_util_platform.o(i.app_util_enable_irq)
    i.apply_config                           0x0000091c   Section        0  nrfx_uart.o(i.apply_config)
    apply_config                             0x0000091d   Thumb Code   136  nrfx_uart.o(i.apply_config)
    i.apply_config                           0x000009a4   Section        0  nrfx_uarte.o(i.apply_config)
    apply_config                             0x000009a5   Thumb Code   136  nrfx_uarte.o(i.apply_config)
    i.buf_prealloc                           0x00000a2c   Section        0  nrf_log_frontend.o(i.buf_prealloc)
    buf_prealloc                             0x00000a2d   Thumb Code   130  nrf_log_frontend.o(i.buf_prealloc)
    i.buffer_add                             0x00000ab4   Section        0  nrf_fprintf_format.o(i.buffer_add)
    buffer_add                               0x00000ab5   Thumb Code    30  nrf_fprintf_format.o(i.buffer_add)
    i.buffer_is_empty                        0x00000ad4   Section        0  nrf_log_frontend.o(i.buffer_is_empty)
    i.dropped_sat16_get                      0x00000ae8   Section        0  nrf_log_frontend.o(i.dropped_sat16_get)
    dropped_sat16_get                        0x00000ae9   Thumb Code    16  nrf_log_frontend.o(i.dropped_sat16_get)
    i.int_print                              0x00000afc   Section        0  nrf_fprintf_format.o(i.int_print)
    int_print                                0x00000afd   Thumb Code   166  nrf_fprintf_format.o(i.int_print)
    i.interrupts_enable                      0x00000ba4   Section        0  nrfx_uarte.o(i.interrupts_enable)
    interrupts_enable                        0x00000ba5   Thumb Code   122  nrfx_uarte.o(i.interrupts_enable)
    i.invalid_packets_omit                   0x00000c24   Section        0  nrf_log_frontend.o(i.invalid_packets_omit)
    invalid_packets_omit                     0x00000c25   Thumb Code    52  nrf_log_frontend.o(i.invalid_packets_omit)
    i.log_skip                               0x00000c58   Section        0  nrf_log_frontend.o(i.log_skip)
    log_skip                                 0x00000c59   Thumb Code   148  nrf_log_frontend.o(i.log_skip)
    i.main                                   0x00000cf4   Section        0  main.o(i.main)
    i.memobj_op                              0x00000da4   Section        0  nrf_memobj.o(i.memobj_op)
    memobj_op                                0x00000da5   Thumb Code   126  nrf_memobj.o(i.memobj_op)
    i.module_idx_get                         0x00000e24   Section        0  nrf_log_frontend.o(i.module_idx_get)
    module_idx_get                           0x00000e25   Thumb Code    42  nrf_log_frontend.o(i.module_idx_get)
    i.nrf_atomic_flag_clear_fetch            0x00000e54   Section        0  nrf_atomic.o(i.nrf_atomic_flag_clear_fetch)
    i.nrf_atomic_flag_set                    0x00000e5a   Section        0  nrf_atomic.o(i.nrf_atomic_flag_set)
    i.nrf_atomic_u32_add                     0x00000e60   Section        0  nrf_atomic.o(i.nrf_atomic_u32_add)
    i.nrf_atomic_u32_fetch_and               0x00000e6c   Section        0  nrf_atomic.o(i.nrf_atomic_u32_fetch_and)
    i.nrf_atomic_u32_fetch_store             0x00000e76   Section        0  nrf_atomic.o(i.nrf_atomic_u32_fetch_store)
    i.nrf_atomic_u32_or                      0x00000e80   Section        0  nrf_atomic.o(i.nrf_atomic_u32_or)
    i.nrf_atomic_u32_sub                     0x00000e8c   Section        0  nrf_atomic.o(i.nrf_atomic_u32_sub)
    i.nrf_balloc_alloc                       0x00000e98   Section        0  nrf_balloc.o(i.nrf_balloc_alloc)
    i.nrf_balloc_free                        0x00000ed6   Section        0  nrf_balloc.o(i.nrf_balloc_free)
    i.nrf_balloc_init                        0x00000f00   Section        0  nrf_balloc.o(i.nrf_balloc_init)
    i.nrf_drv_twi_init                       0x00000f30   Section        0  nrf_drv_twi.o(i.nrf_drv_twi_init)
    i.nrf_drv_twi_tx                         0x00000f70   Section        0  main.o(i.nrf_drv_twi_tx)
    nrf_drv_twi_tx                           0x00000f71   Thumb Code    14  main.o(i.nrf_drv_twi_tx)
    i.nrf_drv_uart_init                      0x00000f80   Section        0  nrf_drv_uart.o(i.nrf_drv_uart_init)
    i.nrf_fprintf                            0x00000fe8   Section        0  nrf_fprintf.o(i.nrf_fprintf)
    i.nrf_fprintf_buffer_flush               0x00001002   Section        0  nrf_fprintf.o(i.nrf_fprintf_buffer_flush)
    i.nrf_fprintf_fmt                        0x0000101a   Section        0  nrf_fprintf_format.o(i.nrf_fprintf_fmt)
    i.nrf_gpio_cfg                           0x000011f4   Section        0  nrfx_twim.o(i.nrf_gpio_cfg)
    nrf_gpio_cfg                             0x000011f5   Thumb Code    36  nrfx_twim.o(i.nrf_gpio_cfg)
    i.nrf_gpio_cfg                           0x00001218   Section        0  nrfx_uart.o(i.nrf_gpio_cfg)
    nrf_gpio_cfg                             0x00001219   Thumb Code    36  nrfx_uart.o(i.nrf_gpio_cfg)
    i.nrf_gpio_cfg                           0x0000123c   Section        0  nrfx_uarte.o(i.nrf_gpio_cfg)
    nrf_gpio_cfg                             0x0000123d   Thumb Code    36  nrfx_uarte.o(i.nrf_gpio_cfg)
    i.nrf_gpio_cfg_default                   0x00001260   Section        0  nrfx_uart.o(i.nrf_gpio_cfg_default)
    nrf_gpio_cfg_default                     0x00001261   Thumb Code    18  nrfx_uart.o(i.nrf_gpio_cfg_default)
    i.nrf_gpio_cfg_default                   0x00001272   Section        0  nrfx_uarte.o(i.nrf_gpio_cfg_default)
    nrf_gpio_cfg_default                     0x00001273   Thumb Code    18  nrfx_uarte.o(i.nrf_gpio_cfg_default)
    i.nrf_gpio_cfg_input                     0x00001284   Section        0  nrfx_uart.o(i.nrf_gpio_cfg_input)
    nrf_gpio_cfg_input                       0x00001285   Thumb Code    18  nrfx_uart.o(i.nrf_gpio_cfg_input)
    i.nrf_gpio_cfg_input                     0x00001296   Section        0  nrfx_uarte.o(i.nrf_gpio_cfg_input)
    nrf_gpio_cfg_input                       0x00001297   Thumb Code    18  nrfx_uarte.o(i.nrf_gpio_cfg_input)
    i.nrf_gpio_cfg_output                    0x000012a8   Section        0  nrfx_uart.o(i.nrf_gpio_cfg_output)
    nrf_gpio_cfg_output                      0x000012a9   Thumb Code    20  nrfx_uart.o(i.nrf_gpio_cfg_output)
    i.nrf_gpio_cfg_output                    0x000012bc   Section        0  nrfx_uarte.o(i.nrf_gpio_cfg_output)
    nrf_gpio_cfg_output                      0x000012bd   Thumb Code    20  nrfx_uarte.o(i.nrf_gpio_cfg_output)
    i.nrf_gpio_pin_set                       0x000012d0   Section        0  nrf_drv_twi.o(i.nrf_gpio_pin_set)
    nrf_gpio_pin_set                         0x000012d1   Thumb Code    14  nrf_drv_twi.o(i.nrf_gpio_pin_set)
    i.nrf_log_backend_add                    0x000012e0   Section        0  nrf_log_frontend.o(i.nrf_log_backend_add)
    i.nrf_log_backend_serial_put             0x0000133c   Section        0  nrf_log_backend_serial.o(i.nrf_log_backend_serial_put)
    i.nrf_log_backend_uart_flush             0x00001404   Section        0  nrf_log_backend_uart.o(i.nrf_log_backend_uart_flush)
    nrf_log_backend_uart_flush               0x00001405   Thumb Code     2  nrf_log_backend_uart.o(i.nrf_log_backend_uart_flush)
    i.nrf_log_backend_uart_init              0x00001406   Section        0  nrf_log_backend_uart.o(i.nrf_log_backend_uart_init)
    i.nrf_log_backend_uart_panic_set         0x0000140c   Section        0  nrf_log_backend_uart.o(i.nrf_log_backend_uart_panic_set)
    nrf_log_backend_uart_panic_set           0x0000140d   Thumb Code    36  nrf_log_backend_uart.o(i.nrf_log_backend_uart_panic_set)
    i.nrf_log_backend_uart_put               0x00001438   Section        0  nrf_log_backend_uart.o(i.nrf_log_backend_uart_put)
    nrf_log_backend_uart_put                 0x00001439   Thumb Code    16  nrf_log_backend_uart.o(i.nrf_log_backend_uart_put)
    i.nrf_log_color_id_get                   0x00001450   Section        0  nrf_log_frontend.o(i.nrf_log_color_id_get)
    i.nrf_log_default_backends_init          0x00001480   Section        0  nrf_log_default_backends.o(i.nrf_log_default_backends_init)
    i.nrf_log_frontend_dequeue               0x0000149c   Section        0  nrf_log_frontend.o(i.nrf_log_frontend_dequeue)
    i.nrf_log_frontend_std_0                 0x000016cc   Section        0  nrf_log_frontend.o(i.nrf_log_frontend_std_0)
    i.nrf_log_frontend_std_1                 0x000016d4   Section        0  nrf_log_frontend.o(i.nrf_log_frontend_std_1)
    i.nrf_log_hexdump_entry_process          0x000016e4   Section        0  nrf_log_str_formatter.o(i.nrf_log_hexdump_entry_process)
    i.nrf_log_init                           0x00001790   Section        0  nrf_log_frontend.o(i.nrf_log_init)
    i.nrf_log_module_cnt_get                 0x000017cc   Section        0  nrf_log_frontend.o(i.nrf_log_module_cnt_get)
    i.nrf_log_module_name_get                0x000017e0   Section        0  nrf_log_frontend.o(i.nrf_log_module_name_get)
    i.nrf_log_panic                          0x000017fc   Section        0  nrf_log_frontend.o(i.nrf_log_panic)
    i.nrf_log_std_entry_process              0x00001828   Section        0  nrf_log_str_formatter.o(i.nrf_log_std_entry_process)
    i.nrf_memobj_alloc                       0x000018de   Section        0  nrf_memobj.o(i.nrf_memobj_alloc)
    i.nrf_memobj_free                        0x0000193e   Section        0  nrf_memobj.o(i.nrf_memobj_free)
    i.nrf_memobj_get                         0x00001970   Section        0  nrf_memobj.o(i.nrf_memobj_get)
    i.nrf_memobj_pool_init                   0x00001978   Section        0  nrf_memobj.o(i.nrf_memobj_pool_init)
    i.nrf_memobj_put                         0x0000197c   Section        0  nrf_memobj.o(i.nrf_memobj_put)
    i.nrf_memobj_read                        0x0000199a   Section        0  nrf_memobj.o(i.nrf_memobj_read)
    i.nrf_memobj_write                       0x000019aa   Section        0  nrf_memobj.o(i.nrf_memobj_write)
    i.nrf_ringbuf_init                       0x000019ba   Section        0  nrf_ringbuf.o(i.nrf_ringbuf_init)
    i.nrf_twim_event_check                   0x000019d6   Section        0  nrfx_twim.o(i.nrf_twim_event_check)
    nrf_twim_event_check                     0x000019d7   Thumb Code    10  nrfx_twim.o(i.nrf_twim_event_check)
    i.nrf_twim_event_clear                   0x000019e0   Section        0  nrfx_twim.o(i.nrf_twim_event_clear)
    nrf_twim_event_clear                     0x000019e1   Thumb Code    12  nrfx_twim.o(i.nrf_twim_event_clear)
    i.nrf_uart_event_check                   0x000019ec   Section        0  nrfx_uart.o(i.nrf_uart_event_check)
    nrf_uart_event_check                     0x000019ed   Thumb Code    10  nrfx_uart.o(i.nrf_uart_event_check)
    i.nrf_uart_event_clear                   0x000019f6   Section        0  nrfx_uart.o(i.nrf_uart_event_clear)
    nrf_uart_event_clear                     0x000019f7   Thumb Code    12  nrfx_uart.o(i.nrf_uart_event_clear)
    i.nrf_uart_int_enable_check              0x00001a02   Section        0  nrfx_uart.o(i.nrf_uart_int_enable_check)
    nrf_uart_int_enable_check                0x00001a03   Thumb Code    12  nrfx_uart.o(i.nrf_uart_int_enable_check)
    i.nrf_uarte_event_check                  0x00001a0e   Section        0  nrfx_uarte.o(i.nrf_uarte_event_check)
    nrf_uarte_event_check                    0x00001a0f   Thumb Code    10  nrfx_uarte.o(i.nrf_uarte_event_check)
    i.nrf_uarte_event_clear                  0x00001a18   Section        0  nrfx_uarte.o(i.nrf_uarte_event_clear)
    nrf_uarte_event_clear                    0x00001a19   Thumb Code    12  nrfx_uarte.o(i.nrf_uarte_event_clear)
    i.nrfx_coredep_delay_us                  0x00001a24   Section        0  nrf_drv_twi.o(i.nrfx_coredep_delay_us)
    nrfx_coredep_delay_us                    0x00001a25   Thumb Code    12  nrf_drv_twi.o(i.nrfx_coredep_delay_us)
    i.nrfx_is_in_ram                         0x00001a34   Section        0  nrfx_twim.o(i.nrfx_is_in_ram)
    nrfx_is_in_ram                           0x00001a35   Thumb Code    16  nrfx_twim.o(i.nrfx_is_in_ram)
    i.nrfx_is_in_ram                         0x00001a44   Section        0  nrfx_uarte.o(i.nrfx_is_in_ram)
    nrfx_is_in_ram                           0x00001a45   Thumb Code    16  nrfx_uarte.o(i.nrfx_is_in_ram)
    i.nrfx_prs_acquire                       0x00001a54   Section        0  nrfx_prs.o(i.nrfx_prs_acquire)
    i.nrfx_prs_release                       0x00001a84   Section        0  nrfx_prs.o(i.nrfx_prs_release)
    i.nrfx_twim_enable                       0x00001a98   Section        0  nrfx_twim.o(i.nrfx_twim_enable)
    i.nrfx_twim_init                         0x00001abc   Section        0  nrfx_twim.o(i.nrfx_twim_init)
    i.nrfx_twim_rx                           0x00001ba0   Section        0  nrfx_twim.o(i.nrfx_twim_rx)
    i.nrfx_twim_tx                           0x00001bd0   Section        0  nrfx_twim.o(i.nrfx_twim_tx)
    i.nrfx_twim_xfer                         0x00001c08   Section        0  nrfx_twim.o(i.nrfx_twim_xfer)
    i.nrfx_uart_0_irq_handler                0x00001c30   Section        0  nrfx_uart.o(i.nrfx_uart_0_irq_handler)
    i.nrfx_uart_init                         0x00001c40   Section        0  nrfx_uart.o(i.nrfx_uart_init)
    i.nrfx_uart_tx                           0x00001d14   Section        0  nrfx_uart.o(i.nrfx_uart_tx)
    i.nrfx_uart_tx_in_progress               0x00001db8   Section        0  nrfx_uart.o(i.nrfx_uart_tx_in_progress)
    i.nrfx_uart_uninit                       0x00001dd8   Section        0  nrfx_uart.o(i.nrfx_uart_uninit)
    i.nrfx_uarte_0_irq_handler               0x00001e8c   Section        0  nrfx_uarte.o(i.nrfx_uarte_0_irq_handler)
    i.nrfx_uarte_init                        0x00001e9c   Section        0  nrfx_uarte.o(i.nrfx_uarte_init)
    i.nrfx_uarte_tx                          0x00001f08   Section        0  nrfx_uarte.o(i.nrfx_uarte_tx)
    i.nrfx_uarte_tx_in_progress              0x00001f98   Section        0  nrfx_uarte.o(i.nrfx_uarte_tx_in_progress)
    i.nrfx_uarte_uninit                      0x00001fb4   Section        0  nrfx_uarte.o(i.nrfx_uarte_uninit)
    i.postfix_process                        0x00002064   Section        0  nrf_log_str_formatter.o(i.postfix_process)
    postfix_process                          0x00002065   Thumb Code    48  nrf_log_str_formatter.o(i.postfix_process)
    i.prefix_process                         0x000020a0   Section        0  nrf_log_str_formatter.o(i.prefix_process)
    prefix_process                           0x000020a1   Thumb Code    90  nrf_log_str_formatter.o(i.prefix_process)
    i.prs_box_get                            0x00002138   Section        0  nrfx_prs.o(i.prs_box_get)
    prs_box_get                              0x00002139   Thumb Code    14  nrfx_prs.o(i.prs_box_get)
    i.read_register                          0x00002150   Section        0  main.o(i.read_register)
    i.rx_byte                                0x00002184   Section        0  nrfx_uart.o(i.rx_byte)
    rx_byte                                  0x00002185   Thumb Code    50  nrfx_uart.o(i.rx_byte)
    i.rx_done_event                          0x000021b6   Section        0  nrfx_uart.o(i.rx_done_event)
    rx_done_event                            0x000021b7   Thumb Code    22  nrfx_uart.o(i.rx_done_event)
    i.rx_done_event                          0x000021cc   Section        0  nrfx_uarte.o(i.rx_done_event)
    rx_done_event                            0x000021cd   Thumb Code    24  nrfx_uarte.o(i.rx_done_event)
    i.serial_tx                              0x000021e4   Section        0  nrf_log_backend_uart.o(i.serial_tx)
    serial_tx                                0x000021e5   Thumb Code    54  nrf_log_backend_uart.o(i.serial_tx)
    i.std_n                                  0x00002224   Section        0  nrf_log_frontend.o(i.std_n)
    std_n                                    0x00002225   Thumb Code   136  nrf_log_frontend.o(i.std_n)
    i.twi_clear_bus                          0x000022b0   Section        0  nrf_drv_twi.o(i.twi_clear_bus)
    twi_clear_bus                            0x000022b1   Thumb Code   170  nrf_drv_twi.o(i.twi_clear_bus)
    i.twi_init                               0x0000235c   Section        0  main.o(i.twi_init)
    i.twim_evt_handler                       0x00002388   Section        0  nrf_drv_twi.o(i.twim_evt_handler)
    twim_evt_handler                         0x00002389   Thumb Code    60  nrf_drv_twi.o(i.twim_evt_handler)
    i.twim_irq_handler                       0x000023c8   Section        0  nrfx_twim.o(i.twim_irq_handler)
    twim_irq_handler                         0x000023c9   Thumb Code   328  nrfx_twim.o(i.twim_irq_handler)
    i.twim_xfer                              0x00002514   Section        0  nrfx_twim.o(i.twim_xfer)
    twim_xfer                                0x00002515   Thumb Code   558  nrfx_twim.o(i.twim_xfer)
    i.tx_byte                                0x0000274c   Section        0  nrfx_uart.o(i.tx_byte)
    tx_byte                                  0x0000274d   Thumb Code    32  nrfx_uart.o(i.tx_byte)
    i.tx_done_event                          0x0000276c   Section        0  nrfx_uart.o(i.tx_done_event)
    tx_done_event                            0x0000276d   Thumb Code    26  nrfx_uart.o(i.tx_done_event)
    i.uart_evt_handler                       0x00002788   Section        0  nrf_drv_uart.o(i.uart_evt_handler)
    uart_evt_handler                         0x00002789   Thumb Code    42  nrf_drv_uart.o(i.uart_evt_handler)
    i.uart_evt_handler                       0x000027b8   Section        0  nrf_log_backend_uart.o(i.uart_evt_handler)
    uart_evt_handler                         0x000027b9   Thumb Code     8  nrf_log_backend_uart.o(i.uart_evt_handler)
    i.uart_init                              0x000027c4   Section        0  nrf_log_backend_uart.o(i.uart_init)
    uart_init                                0x000027c5   Thumb Code    66  nrf_log_backend_uart.o(i.uart_init)
    i.uart_irq_handler                       0x00002814   Section        0  nrfx_uart.o(i.uart_irq_handler)
    uart_irq_handler                         0x00002815   Thumb Code   296  nrfx_uart.o(i.uart_irq_handler)
    i.uarte_evt_handler                      0x0000293c   Section        0  nrf_drv_uart.o(i.uarte_evt_handler)
    uarte_evt_handler                        0x0000293d   Thumb Code    42  nrf_drv_uart.o(i.uarte_evt_handler)
    i.uarte_irq_handler                      0x0000296c   Section        0  nrfx_uarte.o(i.uarte_irq_handler)
    uarte_irq_handler                        0x0000296d   Thumb Code   244  nrfx_uarte.o(i.uarte_irq_handler)
    i.unsigned_print                         0x00002a60   Section        0  nrf_fprintf_format.o(i.unsigned_print)
    unsigned_print                           0x00002a61   Thumb Code   176  nrf_fprintf_format.o(i.unsigned_print)
    i.write_register                         0x00002b14   Section        0  main.o(i.write_register)
    .constdata                               0x00002b40   Section       40  main.o(.constdata)
    delay_bytecode                           0x00002b40   Data           6  main.o(.constdata)
    m_twi                                    0x00002b48   Data          16  main.o(.constdata)
    .constdata                               0x00002b70   Section        6  nrf_drv_twi.o(.constdata)
    delay_bytecode                           0x00002b70   Data           6  nrf_drv_twi.o(.constdata)
    .constdata                               0x00002b78   Section       28  nrfx_twim.o(.constdata)
    irq_handlers                             0x00002b78   Data           8  nrfx_twim.o(.constdata)
    .constdata                               0x00002b94   Section        4  nrfx_uart.o(.constdata)
    irq_handlers                             0x00002b94   Data           4  nrfx_uart.o(.constdata)
    .constdata                               0x00002b98   Section        4  nrfx_uarte.o(.constdata)
    irq_handlers                             0x00002b98   Data           4  nrfx_uarte.o(.constdata)
    .constdata                               0x00002b9c   Section       16  nrf_fprintf_format.o(.constdata)
    _aV2C                                    0x00002b9c   Data          16  nrf_fprintf_format.o(.constdata)
    .constdata                               0x00002bac   Section       12  nrf_log_backend_uart.o(.constdata)
    .constdata                               0x00002bb8   Section       32  nrf_log_backend_uart.o(.constdata)
    .constdata                               0x00002bd8   Section       12  nrf_log_frontend.o(.constdata)
    m_log_push_ringbuf                       0x00002bd8   Data          12  nrf_log_frontend.o(.constdata)
    .constdata                               0x00002be4   Section      129  ctype_o.o(.constdata)
    .constdata                               0x00002c68   Section        4  ctype_o.o(.constdata)
    table                                    0x00002c68   Data           4  ctype_o.o(.constdata)
    .conststring                             0x00002c6c   Section      102  nrf_log_str_formatter.o(.conststring)
    .conststrlit                             0x00002cd4   Section        4  nrfx_prs.o(.conststrlit)
    .conststrlit                             0x00002cd8   Section        5  nrfx_twim.o(.conststrlit)
    .conststrlit                             0x00002ce0   Section        5  nrfx_uart.o(.conststrlit)
    .conststrlit                             0x00002ce8   Section        6  nrfx_uarte.o(.conststrlit)
    .conststrlit                             0x00002cf0   Section       17  nrf_log_default_backends.o(.conststrlit)
    .conststrlit                             0x00002d04   Section        4  nrf_log_frontend.o(.conststrlit)
    log_backends                             0x00002d28   Section       16  nrf_log_default_backends.o(log_backends)
    __tagsym$$used                           0x00002d28   Number         0  nrf_log_default_backends.o(log_backends)
    uart_log_backend                         0x00002d28   Data          16  nrf_log_default_backends.o(log_backends)
    log_const_data                           0x00002d38   Section        8  nrfx_prs.o(log_const_data)
    __tagsym$$used                           0x00002d38   Number         0  nrfx_prs.o(log_const_data)
    log_const_data                           0x00002d40   Section        8  nrfx_twim.o(log_const_data)
    __tagsym$$used                           0x00002d40   Number         0  nrfx_twim.o(log_const_data)
    log_const_data                           0x00002d48   Section        8  nrfx_uart.o(log_const_data)
    __tagsym$$used                           0x00002d48   Number         0  nrfx_uart.o(log_const_data)
    log_const_data                           0x00002d50   Section        8  nrfx_uarte.o(log_const_data)
    __tagsym$$used                           0x00002d50   Number         0  nrfx_uarte.o(log_const_data)
    log_const_data                           0x00002d58   Section        8  nrf_log_frontend.o(log_const_data)
    __tagsym$$used                           0x00002d58   Number         0  nrf_log_frontend.o(log_const_data)
    nrf_balloc                               0x00002d60   Section       20  nrf_log_frontend.o(nrf_balloc)
    __tagsym$$used                           0x00002d60   Number         0  nrf_log_frontend.o(nrf_balloc)
    .data                                    0x20000000   Section        8  main.o(.data)
    .data                                    0x20000008   Section       16  nrf_drv_twi.o(.data)
    m_handlers                               0x20000008   Data           8  nrf_drv_twi.o(.data)
    m_contexts                               0x20000010   Data           8  nrf_drv_twi.o(.data)
    .data                                    0x20000018   Section       12  nrf_drv_uart.o(.data)
    m_handlers                               0x2000001c   Data           4  nrf_drv_uart.o(.data)
    m_contexts                               0x20000020   Data           4  nrf_drv_uart.o(.data)
    .data                                    0x20000024   Section        8  nrfx_prs.o(.data)
    m_prs_box_4                              0x20000024   Data           8  nrfx_prs.o(.data)
    .data                                    0x2000002c   Section        4  app_util_platform.o(.data)
    m_in_critical_region                     0x2000002c   Data           4  app_util_platform.o(.data)
    .data                                    0x20000030   Section       24  nrf_log_backend_uart.o(.data)
    m_xfer_done                              0x20000030   Data           1  nrf_log_backend_uart.o(.data)
    m_async_mode                             0x20000031   Data           1  nrf_log_backend_uart.o(.data)
    .data                                    0x20000048   Section        8  nrf_log_default_backends.o(.data)
    log_backend_cb_uart_log_backend          0x20000048   Data           8  nrf_log_default_backends.o(.data)
    .data                                    0x20000050   Section        8  nrf_log_frontend.o(.data)
    log_mempool_nrf_balloc_pool_stack        0x20000050   Data           8  nrf_log_frontend.o(.data)
    .data                                    0x20000058   Section        8  nrf_log_frontend.o(.data)
    log_mempool_nrf_balloc_cb                0x20000058   Data           8  nrf_log_frontend.o(.data)
    .data                                    0x20000060   Section       64  nrf_log_str_formatter.o(.data)
    m_freq                                   0x20000060   Data           4  nrf_log_str_formatter.o(.data)
    m_timestamp_div                          0x20000064   Data           4  nrf_log_str_formatter.o(.data)
    severity_names                           0x20000068   Data          20  nrf_log_str_formatter.o(.data)
    m_colors                                 0x2000007c   Data          36  nrf_log_str_formatter.o(.data)
    .data                                    0x200000a0   Section        4  system_nrf52.o(.data)
    __tagsym$$used                           0x200000a0   Number         0  system_nrf52.o(.data)
    .bss                                     0x200000a4   Section      104  nrfx_twim.o(.bss)
    m_cb                                     0x200000a4   Data         104  nrfx_twim.o(.bss)
    .bss                                     0x2000010c   Section       44  nrfx_uart.o(.bss)
    m_cb                                     0x2000010c   Data          44  nrfx_uart.o(.bss)
    .bss                                     0x20000138   Section       36  nrfx_uarte.o(.bss)
    m_cb                                     0x20000138   Data          36  nrfx_uarte.o(.bss)
    .bss                                     0x2000015c   Section       64  nrf_log_backend_uart.o(.bss)
    m_string_buff                            0x2000015c   Data          64  nrf_log_backend_uart.o(.bss)
    .bss                                     0x2000019c   Section      192  nrf_log_frontend.o(.bss)
    log_mempool_nrf_balloc_pool_mem          0x2000019c   Data         192  nrf_log_frontend.o(.bss)
    .bss                                     0x2000025c   Section      128  nrf_log_frontend.o(.bss)
    m_log_push_ringbuf_buf                   0x2000025c   Data         128  nrf_log_frontend.o(.bss)
    .bss                                     0x200002dc   Section       24  nrf_log_frontend.o(.bss)
    m_log_push_ringbuf_cb                    0x200002dc   Data          24  nrf_log_frontend.o(.bss)
    .bss                                     0x200002f4   Section     1060  nrf_log_frontend.o(.bss)
    m_log_data                               0x200002f4   Data        1060  nrf_log_frontend.o(.bss)
    STACK                                    0x20000718   Section     8192  arm_startup_nrf52.o(STACK)

    Global Symbols

    Symbol Name                              Value     Ov Type        Size  Object(Section)

    BuildAttributes$$THM_ISAv4$E$P$D$K$B$S$7EM$VFPi3$EXTD16$VFPS$VFMA$PE$A:L22UL41UL21$X:L11$S22US41US21$IEEE1$IW$USESV6$~STKCKD$USESV7$~SHL$OSPACE$EBA8$MICROLIB$REQ8$EABIv2 0x00000000   Number         0  anon$$obj.o ABSOLUTE
    __ARM_use_no_argv                        0x00000000   Number         0  main.o ABSOLUTE
    __Vectors                                0x00000000   Data           4  arm_startup_nrf52.o(RESET)
    __use_no_errno                           0x00000000   Number         0  useno.o ABSOLUTE
    __use_no_exception_handling              0x00000000   Number         0  useno.o ABSOLUTE
    __use_no_fp                              0x00000000   Number         0  useno.o ABSOLUTE
    __use_no_heap                            0x00000000   Number         0  useno.o ABSOLUTE
    __use_no_heap_region                     0x00000000   Number         0  useno.o ABSOLUTE
    __use_no_semihosting                     0x00000000   Number         0  useno.o ABSOLUTE
    __use_no_semihosting_swi                 0x00000000   Number         0  useno.o ABSOLUTE
    __use_no_signal_handling                 0x00000000   Number         0  useno.o ABSOLUTE
    __cpp_initialize__aeabi_                  - Undefined Weak Reference
    __cxa_finalize                            - Undefined Weak Reference
    __decompress                              - Undefined Weak Reference
    _clock_init                               - Undefined Weak Reference
    _microlib_exit                            - Undefined Weak Reference
    log_dynamic_data$$Base                    - Undefined Reference
    __Vectors_End                            0x00000200   Data           0  arm_startup_nrf52.o(RESET)
    __Vectors_Size                           0x00000200   Number         0  arm_startup_nrf52.o ABSOLUTE
    __main                                   0x00000201   Thumb Code     0  entry.o(.ARM.Collect$$$$00000000)
    _main_stk                                0x00000201   Thumb Code     0  entry2.o(.ARM.Collect$$$$00000001)
    _main_scatterload                        0x00000205   Thumb Code     0  entry5.o(.ARM.Collect$$$$00000004)
    __main_after_scatterload                 0x00000209   Thumb Code     0  entry5.o(.ARM.Collect$$$$00000004)
    _main_clock                              0x00000209   Thumb Code     0  entry7b.o(.ARM.Collect$$$$00000008)
    _main_cpp_init                           0x00000209   Thumb Code     0  entry8b.o(.ARM.Collect$$$$0000000A)
    _main_init                               0x00000209   Thumb Code     0  entry9a.o(.ARM.Collect$$$$0000000B)
    __rt_final_cpp                           0x00000211   Thumb Code     0  entry10a.o(.ARM.Collect$$$$0000000D)
    __rt_final_exit                          0x00000211   Thumb Code     0  entry11a.o(.ARM.Collect$$$$0000000F)
    __asm___12_nrf_atomic_c_85ca2469__nrf_atomic_internal_mov 0x00000215   Thumb Code    24  nrf_atomic.o(.emb_text)
    __asm___12_nrf_atomic_c_85ca2469__nrf_atomic_internal_orr 0x0000022d   Thumb Code    26  nrf_atomic.o(.emb_text)
    __asm___12_nrf_atomic_c_85ca2469__nrf_atomic_internal_and 0x00000247   Thumb Code    26  nrf_atomic.o(.emb_text)
    __asm___12_nrf_atomic_c_85ca2469__nrf_atomic_internal_eor 0x00000261   Thumb Code    26  nrf_atomic.o(.emb_text)
    __asm___12_nrf_atomic_c_85ca2469__nrf_atomic_internal_add 0x0000027b   Thumb Code    26  nrf_atomic.o(.emb_text)
    __asm___12_nrf_atomic_c_85ca2469__nrf_atomic_internal_sub 0x00000295   Thumb Code    26  nrf_atomic.o(.emb_text)
    __asm___12_nrf_atomic_c_85ca2469__nrf_atomic_internal_cmp_exch 0x000002af   Thumb Code    42  nrf_atomic.o(.emb_text)
    __asm___12_nrf_atomic_c_85ca2469__nrf_atomic_internal_sub_hs 0x000002d9   Thumb Code    30  nrf_atomic.o(.emb_text)
    Reset_Handler                            0x000002f9   Thumb Code     8  arm_startup_nrf52.o(.text)
    NMI_Handler                              0x00000301   Thumb Code     2  arm_startup_nrf52.o(.text)
    HardFault_Handler                        0x00000303   Thumb Code     2  arm_startup_nrf52.o(.text)
    MemoryManagement_Handler                 0x00000305   Thumb Code     2  arm_startup_nrf52.o(.text)
    BusFault_Handler                         0x00000307   Thumb Code     2  arm_startup_nrf52.o(.text)
    UsageFault_Handler                       0x00000309   Thumb Code     2  arm_startup_nrf52.o(.text)
    SVC_Handler                              0x0000030b   Thumb Code     2  arm_startup_nrf52.o(.text)
    DebugMon_Handler                         0x0000030d   Thumb Code     2  arm_startup_nrf52.o(.text)
    PendSV_Handler                           0x0000030f   Thumb Code     2  arm_startup_nrf52.o(.text)
    SysTick_Handler                          0x00000311   Thumb Code     2  arm_startup_nrf52.o(.text)
    CCM_AAR_IRQHandler                       0x00000313   Thumb Code     0  arm_startup_nrf52.o(.text)
    COMP_LPCOMP_IRQHandler                   0x00000313   Thumb Code     0  arm_startup_nrf52.o(.text)
    ECB_IRQHandler                           0x00000313   Thumb Code     0  arm_startup_nrf52.o(.text)
    FPU_IRQHandler                           0x00000313   Thumb Code     0  arm_startup_nrf52.o(.text)
    GPIOTE_IRQHandler                        0x00000313   Thumb Code     0  arm_startup_nrf52.o(.text)
    I2S_IRQHandler                           0x00000313   Thumb Code     0  arm_startup_nrf52.o(.text)
    MWU_IRQHandler                           0x00000313   Thumb Code     0  arm_startup_nrf52.o(.text)
    NFCT_IRQHandler                          0x00000313   Thumb Code     0  arm_startup_nrf52.o(.text)
    PDM_IRQHandler                           0x00000313   Thumb Code     0  arm_startup_nrf52.o(.text)
    POWER_CLOCK_IRQHandler                   0x00000313   Thumb Code     0  arm_startup_nrf52.o(.text)
    PWM0_IRQHandler                          0x00000313   Thumb Code     0  arm_startup_nrf52.o(.text)
    PWM1_IRQHandler                          0x00000313   Thumb Code     0  arm_startup_nrf52.o(.text)
    PWM2_IRQHandler                          0x00000313   Thumb Code     0  arm_startup_nrf52.o(.text)
    QDEC_IRQHandler                          0x00000313   Thumb Code     0  arm_startup_nrf52.o(.text)
    RADIO_IRQHandler                         0x00000313   Thumb Code     0  arm_startup_nrf52.o(.text)
    RNG_IRQHandler                           0x00000313   Thumb Code     0  arm_startup_nrf52.o(.text)
    RTC0_IRQHandler                          0x00000313   Thumb Code     0  arm_startup_nrf52.o(.text)
    RTC1_IRQHandler                          0x00000313   Thumb Code     0  arm_startup_nrf52.o(.text)
    RTC2_IRQHandler                          0x00000313   Thumb Code     0  arm_startup_nrf52.o(.text)
    SAADC_IRQHandler                         0x00000313   Thumb Code     0  arm_startup_nrf52.o(.text)
    SPIM2_SPIS2_SPI2_IRQHandler              0x00000313   Thumb Code     0  arm_startup_nrf52.o(.text)
    SWI0_EGU0_IRQHandler                     0x00000313   Thumb Code     0  arm_startup_nrf52.o(.text)
    SWI1_EGU1_IRQHandler                     0x00000313   Thumb Code     0  arm_startup_nrf52.o(.text)
    SWI2_EGU2_IRQHandler                     0x00000313   Thumb Code     0  arm_startup_nrf52.o(.text)
    SWI3_EGU3_IRQHandler                     0x00000313   Thumb Code     0  arm_startup_nrf52.o(.text)
    SWI4_EGU4_IRQHandler                     0x00000313   Thumb Code     0  arm_startup_nrf52.o(.text)
    SWI5_EGU5_IRQHandler                     0x00000313   Thumb Code     0  arm_startup_nrf52.o(.text)
    TEMP_IRQHandler                          0x00000313   Thumb Code     0  arm_startup_nrf52.o(.text)
    TIMER0_IRQHandler                        0x00000313   Thumb Code     0  arm_startup_nrf52.o(.text)
    TIMER1_IRQHandler                        0x00000313   Thumb Code     0  arm_startup_nrf52.o(.text)
    TIMER2_IRQHandler                        0x00000313   Thumb Code     0  arm_startup_nrf52.o(.text)
    TIMER3_IRQHandler                        0x00000313   Thumb Code     0  arm_startup_nrf52.o(.text)
    TIMER4_IRQHandler                        0x00000313   Thumb Code     0  arm_startup_nrf52.o(.text)
    WDT_IRQHandler                           0x00000313   Thumb Code     0  arm_startup_nrf52.o(.text)
    __rt_ctype_table                         0x0000031d   Thumb Code     4  ctype_o.o(.text)
    __aeabi_memcpy                           0x00000325   Thumb Code    36  memcpya.o(.text)
    __aeabi_memcpy4                          0x00000325   Thumb Code     0  memcpya.o(.text)
    __aeabi_memcpy8                          0x00000325   Thumb Code     0  memcpya.o(.text)
    __aeabi_memset                           0x00000349   Thumb Code    14  memseta.o(.text)
    __aeabi_memset4                          0x00000349   Thumb Code     0  memseta.o(.text)
    __aeabi_memset8                          0x00000349   Thumb Code     0  memseta.o(.text)
    __aeabi_memclr                           0x00000357   Thumb Code     4  memseta.o(.text)
    __aeabi_memclr4                          0x00000357   Thumb Code     0  memseta.o(.text)
    __aeabi_memclr8                          0x00000357   Thumb Code     0  memseta.o(.text)
    _memset$wrapper                          0x0000035b   Thumb Code    18  memseta.o(.text)
    strlen                                   0x0000036d   Thumb Code    14  strlen.o(.text)
    __scatterload                            0x0000037d   Thumb Code    28  init.o(.text)
    __scatterload_rt2                        0x0000037d   Thumb Code     0  init.o(.text)
    BH1790GLC_Config                         0x000003a1   Thumb Code    52  main.o(i.BH1790GLC_Config)
    BH1790GLC_Init                           0x000003d5   Thumb Code   136  main.o(i.BH1790GLC_Init)
    SPIM0_SPIS0_TWIM0_TWIS0_SPI0_TWI0_IRQHandler 0x000004ed   Thumb Code     8  nrfx_twim.o(i.SPIM0_SPIS0_TWIM0_TWIS0_SPI0_TWI0_IRQHandler)
    SPIM1_SPIS1_TWIM1_TWIS1_SPI1_TWI1_IRQHandler 0x000004fd   Thumb Code    10  nrfx_twim.o(i.SPIM1_SPIS1_TWIM1_TWIS1_SPI1_TWI1_IRQHandler)
    SystemInit                               0x0000050d   Thumb Code   726  system_nrf52.o(i.SystemInit)
    UARTE0_UART0_IRQHandler                  0x00000829   Thumb Code     6  nrfx_prs.o(i.UARTE0_UART0_IRQHandler)
    __scatterload_copy                       0x00000835   Thumb Code    14  handlers.o(i.__scatterload_copy)
    __scatterload_null                       0x00000843   Thumb Code     2  handlers.o(i.__scatterload_null)
    __scatterload_zeroinit                   0x00000845   Thumb Code    14  handlers.o(i.__scatterload_zeroinit)
    app_error_fault_handler                  0x00000855   Thumb Code    86  app_error_weak.o(i.app_error_fault_handler)
    app_error_handler_bare                   0x000008d9   Thumb Code    22  app_error.o(i.app_error_handler_bare)
    app_util_critical_region_enter           0x000008ef   Thumb Code     4  app_util_platform.o(i.app_util_critical_region_enter)
    app_util_critical_region_exit            0x000008f3   Thumb Code     4  app_util_platform.o(i.app_util_critical_region_exit)
    app_util_disable_irq                     0x000008f9   Thumb Code    12  app_util_platform.o(i.app_util_disable_irq)
    app_util_enable_irq                      0x00000909   Thumb Code    14  app_util_platform.o(i.app_util_enable_irq)
    buffer_is_empty                          0x00000ad5   Thumb Code    16  nrf_log_frontend.o(i.buffer_is_empty)
    main                                     0x00000cf5   Thumb Code   128  main.o(i.main)
    nrf_atomic_flag_clear_fetch              0x00000e55   Thumb Code     6  nrf_atomic.o(i.nrf_atomic_flag_clear_fetch)
    nrf_atomic_flag_set                      0x00000e5b   Thumb Code     6  nrf_atomic.o(i.nrf_atomic_flag_set)
    nrf_atomic_u32_add                       0x00000e61   Thumb Code    12  nrf_atomic.o(i.nrf_atomic_u32_add)
    nrf_atomic_u32_fetch_and                 0x00000e6d   Thumb Code    10  nrf_atomic.o(i.nrf_atomic_u32_fetch_and)
    nrf_atomic_u32_fetch_store               0x00000e77   Thumb Code    10  nrf_atomic.o(i.nrf_atomic_u32_fetch_store)
    nrf_atomic_u32_or                        0x00000e81   Thumb Code    12  nrf_atomic.o(i.nrf_atomic_u32_or)
    nrf_atomic_u32_sub                       0x00000e8d   Thumb Code    12  nrf_atomic.o(i.nrf_atomic_u32_sub)
    nrf_balloc_alloc                         0x00000e99   Thumb Code    62  nrf_balloc.o(i.nrf_balloc_alloc)
    nrf_balloc_free                          0x00000ed7   Thumb Code    42  nrf_balloc.o(i.nrf_balloc_free)
    nrf_balloc_init                          0x00000f01   Thumb Code    48  nrf_balloc.o(i.nrf_balloc_init)
    nrf_drv_twi_init                         0x00000f31   Thumb Code    56  nrf_drv_twi.o(i.nrf_drv_twi_init)
    nrf_drv_uart_init                        0x00000f81   Thumb Code    90  nrf_drv_uart.o(i.nrf_drv_uart_init)
    nrf_fprintf                              0x00000fe9   Thumb Code    26  nrf_fprintf.o(i.nrf_fprintf)
    nrf_fprintf_buffer_flush                 0x00001003   Thumb Code    24  nrf_fprintf.o(i.nrf_fprintf_buffer_flush)
    nrf_fprintf_fmt                          0x0000101b   Thumb Code   474  nrf_fprintf_format.o(i.nrf_fprintf_fmt)
    nrf_log_backend_add                      0x000012e1   Thumb Code    86  nrf_log_frontend.o(i.nrf_log_backend_add)
    nrf_log_backend_serial_put               0x0000133d   Thumb Code   200  nrf_log_backend_serial.o(i.nrf_log_backend_serial_put)
    nrf_log_backend_uart_init                0x00001407   Thumb Code     6  nrf_log_backend_uart.o(i.nrf_log_backend_uart_init)
    nrf_log_color_id_get                     0x00001451   Thumb Code    42  nrf_log_frontend.o(i.nrf_log_color_id_get)
    nrf_log_default_backends_init            0x00001481   Thumb Code    24  nrf_log_default_backends.o(i.nrf_log_default_backends_init)
    nrf_log_frontend_dequeue                 0x0000149d   Thumb Code   522  nrf_log_frontend.o(i.nrf_log_frontend_dequeue)
    nrf_log_frontend_std_0                   0x000016cd   Thumb Code     8  nrf_log_frontend.o(i.nrf_log_frontend_std_0)
    nrf_log_frontend_std_1                   0x000016d5   Thumb Code    14  nrf_log_frontend.o(i.nrf_log_frontend_std_1)
    nrf_log_hexdump_entry_process            0x000016e5   Thumb Code   146  nrf_log_str_formatter.o(i.nrf_log_hexdump_entry_process)
    nrf_log_init                             0x00001791   Thumb Code    46  nrf_log_frontend.o(i.nrf_log_init)
    nrf_log_module_cnt_get                   0x000017cd   Thumb Code    10  nrf_log_frontend.o(i.nrf_log_module_cnt_get)
    nrf_log_module_name_get                  0x000017e1   Thumb Code    24  nrf_log_frontend.o(i.nrf_log_module_name_get)
    nrf_log_panic                            0x000017fd   Thumb Code    38  nrf_log_frontend.o(i.nrf_log_panic)
    nrf_log_std_entry_process                0x00001829   Thumb Code   182  nrf_log_str_formatter.o(i.nrf_log_std_entry_process)
    nrf_memobj_alloc                         0x000018df   Thumb Code    96  nrf_memobj.o(i.nrf_memobj_alloc)
    nrf_memobj_free                          0x0000193f   Thumb Code    50  nrf_memobj.o(i.nrf_memobj_free)
    nrf_memobj_get                           0x00001971   Thumb Code     8  nrf_memobj.o(i.nrf_memobj_get)
    nrf_memobj_pool_init                     0x00001979   Thumb Code     4  nrf_memobj.o(i.nrf_memobj_pool_init)
    nrf_memobj_put                           0x0000197d   Thumb Code    30  nrf_memobj.o(i.nrf_memobj_put)
    nrf_memobj_read                          0x0000199b   Thumb Code    16  nrf_memobj.o(i.nrf_memobj_read)
    nrf_memobj_write                         0x000019ab   Thumb Code    16  nrf_memobj.o(i.nrf_memobj_write)
    nrf_ringbuf_init                         0x000019bb   Thumb Code    28  nrf_ringbuf.o(i.nrf_ringbuf_init)
    nrfx_prs_acquire                         0x00001a55   Thumb Code    48  nrfx_prs.o(i.nrfx_prs_acquire)
    nrfx_prs_release                         0x00001a85   Thumb Code    18  nrfx_prs.o(i.nrfx_prs_release)
    nrfx_twim_enable                         0x00001a99   Thumb Code    32  nrfx_twim.o(i.nrfx_twim_enable)
    nrfx_twim_init                           0x00001abd   Thumb Code   218  nrfx_twim.o(i.nrfx_twim_init)
    nrfx_twim_rx                             0x00001ba1   Thumb Code    44  nrfx_twim.o(i.nrfx_twim_rx)
    nrfx_twim_tx                             0x00001bd1   Thumb Code    54  nrfx_twim.o(i.nrfx_twim_tx)
    nrfx_twim_xfer                           0x00001c09   Thumb Code    34  nrfx_twim.o(i.nrfx_twim_xfer)
    nrfx_uart_0_irq_handler                  0x00001c31   Thumb Code     8  nrfx_uart.o(i.nrfx_uart_0_irq_handler)
    nrfx_uart_init                           0x00001c41   Thumb Code   200  nrfx_uart.o(i.nrfx_uart_init)
    nrfx_uart_tx                             0x00001d15   Thumb Code   160  nrfx_uart.o(i.nrfx_uart_tx)
    nrfx_uart_tx_in_progress                 0x00001db9   Thumb Code    26  nrfx_uart.o(i.nrfx_uart_tx_in_progress)
    nrfx_uart_uninit                         0x00001dd9   Thumb Code   170  nrfx_uart.o(i.nrfx_uart_uninit)
    nrfx_uarte_0_irq_handler                 0x00001e8d   Thumb Code     8  nrfx_uarte.o(i.nrfx_uarte_0_irq_handler)
    nrfx_uarte_init                          0x00001e9d   Thumb Code   100  nrfx_uarte.o(i.nrfx_uarte_init)
    nrfx_uarte_tx                            0x00001f09   Thumb Code   138  nrfx_uarte.o(i.nrfx_uarte_tx)
    nrfx_uarte_tx_in_progress                0x00001f99   Thumb Code    22  nrfx_uarte.o(i.nrfx_uarte_tx_in_progress)
    nrfx_uarte_uninit                        0x00001fb5   Thumb Code   166  nrfx_uarte.o(i.nrfx_uarte_uninit)
    read_register                            0x00002151   Thumb Code    46  main.o(i.read_register)
    twi_init                                 0x0000235d   Thumb Code    40  main.o(i.twi_init)
    write_register                           0x00002b15   Thumb Code    36  main.o(i.write_register)
    nrf_log_backend_uart_api                 0x00002bac   Data          12  nrf_log_backend_uart.o(.constdata)
    __ctype_table                            0x00002be4   Data         129  ctype_o.o(.constdata)
    Region$$Table$$Base                      0x00002d08   Number         0  anon$$obj.o(Region$$Table)
    Region$$Table$$Limit                     0x00002d28   Number         0  anon$$obj.o(Region$$Table)
    log_const_data$$Base                     0x00002d38   Number         0  nrfx_prs.o(log_const_data)
    m_nrf_log_PRS_logs_data_const            0x00002d38   Data           8  nrfx_prs.o(log_const_data)
    m_nrf_log_TWIM_logs_data_const           0x00002d40   Data           8  nrfx_twim.o(log_const_data)
    m_nrf_log_UART_logs_data_const           0x00002d48   Data           8  nrfx_uart.o(log_const_data)
    m_nrf_log_UARTE_logs_data_const          0x00002d50   Data           8  nrfx_uarte.o(log_const_data)
    m_nrf_log_app_logs_data_const            0x00002d58   Data           8  nrf_log_frontend.o(log_const_data)
    log_const_data$$Limit                    0x00002d60   Number         0  nrf_log_frontend.o(log_const_data)
    log_mempool                              0x00002d60   Data          20  nrf_log_frontend.o(nrf_balloc)
    led_on                                   0x20000000   Data           2  main.o(.data)
    led_off                                  0x20000002   Data           2  main.o(.data)
    LEDdata                                  0x20000004   Data           4  main.o(.data)
    nrf_drv_uart_use_easy_dma                0x20000018   Data           1  nrf_drv_uart.o(.data)
    m_uart                                   0x20000034   Data          20  nrf_log_backend_uart.o(.data)
    SystemCoreClock                          0x200000a0   Data           4  system_nrf52.o(.data)
    __initial_sp                             0x20002718   Data           0  arm_startup_nrf52.o(STACK)



==============================================================================

Memory Map of the image

  Image Entry point : 0x00000201

  Load Region LR_IROM1 (Base: 0x00000000, Size: 0x00002e18, Max: 0x00080000, ABSOLUTE)

    Execution Region ER_IROM1 (Exec base: 0x00000000, Load base: 0x00000000, Size: 0x00002d74, Max: 0x00080000, ABSOLUTE)

    Exec Addr    Load Addr    Size         Type   Attr      Idx    E Section Name        Object

    0x00000000   0x00000000   0x00000200   Data   RO         2631    RESET               arm_startup_nrf52.o
    0x00000200   0x00000200   0x00000000   Code   RO         2694  * .ARM.Collect$$$$00000000  mc_w.l(entry.o)
    0x00000200   0x00000200   0x00000004   Code   RO         2742    .ARM.Collect$$$$00000001  mc_w.l(entry2.o)
    0x00000204   0x00000204   0x00000004   Code   RO         2745    .ARM.Collect$$$$00000004  mc_w.l(entry5.o)
    0x00000208   0x00000208   0x00000000   Code   RO         2747    .ARM.Collect$$$$00000008  mc_w.l(entry7b.o)
    0x00000208   0x00000208   0x00000000   Code   RO         2749    .ARM.Collect$$$$0000000A  mc_w.l(entry8b.o)
    0x00000208   0x00000208   0x00000008   Code   RO         2750    .ARM.Collect$$$$0000000B  mc_w.l(entry9a.o)
    0x00000210   0x00000210   0x00000000   Code   RO         2752    .ARM.Collect$$$$0000000D  mc_w.l(entry10a.o)
    0x00000210   0x00000210   0x00000000   Code   RO         2754    .ARM.Collect$$$$0000000F  mc_w.l(entry11a.o)
    0x00000210   0x00000210   0x00000004   Code   RO         2743    .ARM.Collect$$$$00002712  mc_w.l(entry2.o)
    0x00000214   0x00000214   0x000000e2   Code   RO         1406    .emb_text           nrf_atomic.o
    0x000002f6   0x000002f6   0x00000002   PAD
    0x000002f8   0x000002f8   0x00000024   Code   RO         2632    .text               arm_startup_nrf52.o
    0x0000031c   0x0000031c   0x00000008   Code   RO         2702    .text               mc_w.l(ctype_o.o)
    0x00000324   0x00000324   0x00000024   Code   RO         2730    .text               mc_w.l(memcpya.o)
    0x00000348   0x00000348   0x00000024   Code   RO         2732    .text               mc_w.l(memseta.o)
    0x0000036c   0x0000036c   0x0000000e   Code   RO         2734    .text               mc_w.l(strlen.o)
    0x0000037a   0x0000037a   0x00000002   PAD
    0x0000037c   0x0000037c   0x00000024   Code   RO         2758    .text               mc_w.l(init.o)
    0x000003a0   0x000003a0   0x00000034   Code   RO            4    i.BH1790GLC_Config  main.o
    0x000003d4   0x000003d4   0x00000118   Code   RO            5    i.BH1790GLC_Init    main.o
    0x000004ec   0x000004ec   0x00000010   Code   RO          701    i.SPIM0_SPIS0_TWIM0_TWIS0_SPI0_TWI0_IRQHandler  nrfx_twim.o
    0x000004fc   0x000004fc   0x00000010   Code   RO          702    i.SPIM1_SPIS1_TWIM1_TWIS1_SPI1_TWI1_IRQHandler  nrfx_twim.o
    0x0000050c   0x0000050c   0x0000031c   Code   RO         2640    i.SystemInit        system_nrf52.o
    0x00000828   0x00000828   0x0000000c   Code   RO          598    i.UARTE0_UART0_IRQHandler  nrfx_prs.o
    0x00000834   0x00000834   0x0000000e   Code   RO         2762    i.__scatterload_copy  mc_w.l(handlers.o)
    0x00000842   0x00000842   0x00000002   Code   RO         2763    i.__scatterload_null  mc_w.l(handlers.o)
    0x00000844   0x00000844   0x0000000e   Code   RO         2764    i.__scatterload_zeroinit  mc_w.l(handlers.o)
    0x00000852   0x00000852   0x00000002   PAD
    0x00000854   0x00000854   0x00000084   Code   RO         1266    i.app_error_fault_handler  app_error_weak.o
    0x000008d8   0x000008d8   0x00000016   Code   RO         1197    i.app_error_handler_bare  app_error.o
    0x000008ee   0x000008ee   0x00000004   Code   RO         1317    i.app_util_critical_region_enter  app_util_platform.o
    0x000008f2   0x000008f2   0x00000004   Code   RO         1318    i.app_util_critical_region_exit  app_util_platform.o
    0x000008f6   0x000008f6   0x00000002   PAD
    0x000008f8   0x000008f8   0x00000010   Code   RO         1319    i.app_util_disable_irq  app_util_platform.o
    0x00000908   0x00000908   0x00000014   Code   RO         1320    i.app_util_enable_irq  app_util_platform.o
    0x0000091c   0x0000091c   0x00000088   Code   RO          860    i.apply_config      nrfx_uart.o
    0x000009a4   0x000009a4   0x00000088   Code   RO         1045    i.apply_config      nrfx_uarte.o
    0x00000a2c   0x00000a2c   0x00000088   Code   RO         2033    i.buf_prealloc      nrf_log_frontend.o
    0x00000ab4   0x00000ab4   0x0000001e   Code   RO         1621    i.buffer_add        nrf_fprintf_format.o
    0x00000ad2   0x00000ad2   0x00000002   PAD
    0x00000ad4   0x00000ad4   0x00000014   Code   RO         2034    i.buffer_is_empty   nrf_log_frontend.o
    0x00000ae8   0x00000ae8   0x00000014   Code   RO         2035    i.dropped_sat16_get  nrf_log_frontend.o
    0x00000afc   0x00000afc   0x000000a6   Code   RO         1622    i.int_print         nrf_fprintf_format.o
    0x00000ba2   0x00000ba2   0x00000002   PAD
    0x00000ba4   0x00000ba4   0x00000080   Code   RO         1046    i.interrupts_enable  nrfx_uarte.o
    0x00000c24   0x00000c24   0x00000034   Code   RO         2036    i.invalid_packets_omit  nrf_log_frontend.o
    0x00000c58   0x00000c58   0x0000009c   Code   RO         2037    i.log_skip          nrf_log_frontend.o
    0x00000cf4   0x00000cf4   0x000000b0   Code   RO            6    i.main              main.o
    0x00000da4   0x00000da4   0x0000007e   Code   RO         1661    i.memobj_op         nrf_memobj.o
    0x00000e22   0x00000e22   0x00000002   PAD
    0x00000e24   0x00000e24   0x00000030   Code   RO         2038    i.module_idx_get    nrf_log_frontend.o
    0x00000e54   0x00000e54   0x00000006   Code   RO         1408    i.nrf_atomic_flag_clear_fetch  nrf_atomic.o
    0x00000e5a   0x00000e5a   0x00000006   Code   RO         1409    i.nrf_atomic_flag_set  nrf_atomic.o
    0x00000e60   0x00000e60   0x0000000c   Code   RO         1411    i.nrf_atomic_u32_add  nrf_atomic.o
    0x00000e6c   0x00000e6c   0x0000000a   Code   RO         1415    i.nrf_atomic_u32_fetch_and  nrf_atomic.o
    0x00000e76   0x00000e76   0x0000000a   Code   RO         1417    i.nrf_atomic_u32_fetch_store  nrf_atomic.o
    0x00000e80   0x00000e80   0x0000000c   Code   RO         1421    i.nrf_atomic_u32_or  nrf_atomic.o
    0x00000e8c   0x00000e8c   0x0000000c   Code   RO         1423    i.nrf_atomic_u32_sub  nrf_atomic.o
    0x00000e98   0x00000e98   0x0000003e   Code   RO         1545    i.nrf_balloc_alloc  nrf_balloc.o
    0x00000ed6   0x00000ed6   0x0000002a   Code   RO         1546    i.nrf_balloc_free   nrf_balloc.o
    0x00000f00   0x00000f00   0x00000030   Code   RO         1547    i.nrf_balloc_init   nrf_balloc.o
    0x00000f30   0x00000f30   0x00000040   Code   RO          475    i.nrf_drv_twi_init  nrf_drv_twi.o
    0x00000f70   0x00000f70   0x0000000e   Code   RO            7    i.nrf_drv_twi_tx    main.o
    0x00000f7e   0x00000f7e   0x00000002   PAD
    0x00000f80   0x00000f80   0x00000068   Code   RO          546    i.nrf_drv_uart_init  nrf_drv_uart.o
    0x00000fe8   0x00000fe8   0x0000001a   Code   RO         1582    i.nrf_fprintf       nrf_fprintf.o
    0x00001002   0x00001002   0x00000018   Code   RO         1583    i.nrf_fprintf_buffer_flush  nrf_fprintf.o
    0x0000101a   0x0000101a   0x000001da   Code   RO         1623    i.nrf_fprintf_fmt   nrf_fprintf_format.o
    0x000011f4   0x000011f4   0x00000024   Code   RO          703    i.nrf_gpio_cfg      nrfx_twim.o
    0x00001218   0x00001218   0x00000024   Code   RO          861    i.nrf_gpio_cfg      nrfx_uart.o
    0x0000123c   0x0000123c   0x00000024   Code   RO         1047    i.nrf_gpio_cfg      nrfx_uarte.o
    0x00001260   0x00001260   0x00000012   Code   RO          862    i.nrf_gpio_cfg_default  nrfx_uart.o
    0x00001272   0x00001272   0x00000012   Code   RO         1048    i.nrf_gpio_cfg_default  nrfx_uarte.o
    0x00001284   0x00001284   0x00000012   Code   RO          863    i.nrf_gpio_cfg_input  nrfx_uart.o
    0x00001296   0x00001296   0x00000012   Code   RO         1049    i.nrf_gpio_cfg_input  nrfx_uarte.o
    0x000012a8   0x000012a8   0x00000014   Code   RO          864    i.nrf_gpio_cfg_output  nrfx_uart.o
    0x000012bc   0x000012bc   0x00000014   Code   RO         1050    i.nrf_gpio_cfg_output  nrfx_uarte.o
    0x000012d0   0x000012d0   0x0000000e   Code   RO          476    i.nrf_gpio_pin_set  nrf_drv_twi.o
    0x000012de   0x000012de   0x00000002   PAD
    0x000012e0   0x000012e0   0x0000005c   Code   RO         2039    i.nrf_log_backend_add  nrf_log_frontend.o
    0x0000133c   0x0000133c   0x000000c8   Code   RO         1853    i.nrf_log_backend_serial_put  nrf_log_backend_serial.o
    0x00001404   0x00001404   0x00000002   Code   RO         1896    i.nrf_log_backend_uart_flush  nrf_log_backend_uart.o
    0x00001406   0x00001406   0x00000006   Code   RO         1897    i.nrf_log_backend_uart_init  nrf_log_backend_uart.o
    0x0000140c   0x0000140c   0x0000002c   Code   RO         1898    i.nrf_log_backend_uart_panic_set  nrf_log_backend_uart.o
    0x00001438   0x00001438   0x00000018   Code   RO         1899    i.nrf_log_backend_uart_put  nrf_log_backend_uart.o
    0x00001450   0x00001450   0x00000030   Code   RO         2041    i.nrf_log_color_id_get  nrf_log_frontend.o
    0x00001480   0x00001480   0x0000001c   Code   RO         1994    i.nrf_log_default_backends_init  nrf_log_default_backends.o
    0x0000149c   0x0000149c   0x00000230   Code   RO         2042    i.nrf_log_frontend_dequeue  nrf_log_frontend.o
    0x000016cc   0x000016cc   0x00000008   Code   RO         2044    i.nrf_log_frontend_std_0  nrf_log_frontend.o
    0x000016d4   0x000016d4   0x0000000e   Code   RO         2045    i.nrf_log_frontend_std_1  nrf_log_frontend.o
    0x000016e2   0x000016e2   0x00000002   PAD
    0x000016e4   0x000016e4   0x000000ac   Code   RO         2219    i.nrf_log_hexdump_entry_process  nrf_log_str_formatter.o
    0x00001790   0x00001790   0x0000003c   Code   RO         2051    i.nrf_log_init      nrf_log_frontend.o
    0x000017cc   0x000017cc   0x00000014   Code   RO         2052    i.nrf_log_module_cnt_get  nrf_log_frontend.o
    0x000017e0   0x000017e0   0x0000001c   Code   RO         2055    i.nrf_log_module_name_get  nrf_log_frontend.o
    0x000017fc   0x000017fc   0x0000002c   Code   RO         2056    i.nrf_log_panic     nrf_log_frontend.o
    0x00001828   0x00001828   0x000000b6   Code   RO         2220    i.nrf_log_std_entry_process  nrf_log_str_formatter.o
    0x000018de   0x000018de   0x00000060   Code   RO         1662    i.nrf_memobj_alloc  nrf_memobj.o
    0x0000193e   0x0000193e   0x00000032   Code   RO         1663    i.nrf_memobj_free   nrf_memobj.o
    0x00001970   0x00001970   0x00000008   Code   RO         1664    i.nrf_memobj_get    nrf_memobj.o
    0x00001978   0x00001978   0x00000004   Code   RO         1665    i.nrf_memobj_pool_init  nrf_memobj.o
    0x0000197c   0x0000197c   0x0000001e   Code   RO         1666    i.nrf_memobj_put    nrf_memobj.o
    0x0000199a   0x0000199a   0x00000010   Code   RO         1667    i.nrf_memobj_read   nrf_memobj.o
    0x000019aa   0x000019aa   0x00000010   Code   RO         1668    i.nrf_memobj_write  nrf_memobj.o
    0x000019ba   0x000019ba   0x0000001c   Code   RO         1744    i.nrf_ringbuf_init  nrf_ringbuf.o
    0x000019d6   0x000019d6   0x0000000a   Code   RO          705    i.nrf_twim_event_check  nrfx_twim.o
    0x000019e0   0x000019e0   0x0000000c   Code   RO          706    i.nrf_twim_event_clear  nrfx_twim.o
    0x000019ec   0x000019ec   0x0000000a   Code   RO          865    i.nrf_uart_event_check  nrfx_uart.o
    0x000019f6   0x000019f6   0x0000000c   Code   RO          866    i.nrf_uart_event_clear  nrfx_uart.o
    0x00001a02   0x00001a02   0x0000000c   Code   RO          867    i.nrf_uart_int_enable_check  nrfx_uart.o
    0x00001a0e   0x00001a0e   0x0000000a   Code   RO         1051    i.nrf_uarte_event_check  nrfx_uarte.o
    0x00001a18   0x00001a18   0x0000000c   Code   RO         1052    i.nrf_uarte_event_clear  nrfx_uarte.o
    0x00001a24   0x00001a24   0x00000010   Code   RO          477    i.nrfx_coredep_delay_us  nrf_drv_twi.o
    0x00001a34   0x00001a34   0x00000010   Code   RO          707    i.nrfx_is_in_ram    nrfx_twim.o
    0x00001a44   0x00001a44   0x00000010   Code   RO         1053    i.nrfx_is_in_ram    nrfx_uarte.o
    0x00001a54   0x00001a54   0x00000030   Code   RO          599    i.nrfx_prs_acquire  nrfx_prs.o
    0x00001a84   0x00001a84   0x00000012   Code   RO          600    i.nrfx_prs_release  nrfx_prs.o
    0x00001a96   0x00001a96   0x00000002   PAD
    0x00001a98   0x00001a98   0x00000024   Code   RO          709    i.nrfx_twim_enable  nrfx_twim.o
    0x00001abc   0x00001abc   0x000000e4   Code   RO          710    i.nrfx_twim_init    nrfx_twim.o
    0x00001ba0   0x00001ba0   0x00000030   Code   RO          712    i.nrfx_twim_rx      nrfx_twim.o
    0x00001bd0   0x00001bd0   0x00000036   Code   RO          715    i.nrfx_twim_tx      nrfx_twim.o
    0x00001c06   0x00001c06   0x00000002   PAD
    0x00001c08   0x00001c08   0x00000028   Code   RO          717    i.nrfx_twim_xfer    nrfx_twim.o
    0x00001c30   0x00001c30   0x00000010   Code   RO          868    i.nrfx_uart_0_irq_handler  nrfx_uart.o
    0x00001c40   0x00001c40   0x000000d4   Code   RO          870    i.nrfx_uart_init    nrfx_uart.o
    0x00001d14   0x00001d14   0x000000a4   Code   RO          876    i.nrfx_uart_tx      nrfx_uart.o
    0x00001db8   0x00001db8   0x00000020   Code   RO          878    i.nrfx_uart_tx_in_progress  nrfx_uart.o
    0x00001dd8   0x00001dd8   0x000000b4   Code   RO          879    i.nrfx_uart_uninit  nrfx_uart.o
    0x00001e8c   0x00001e8c   0x00000010   Code   RO         1054    i.nrfx_uarte_0_irq_handler  nrfx_uarte.o
    0x00001e9c   0x00001e9c   0x0000006c   Code   RO         1056    i.nrfx_uarte_init   nrfx_uarte.o
    0x00001f08   0x00001f08   0x00000090   Code   RO         1060    i.nrfx_uarte_tx     nrfx_uarte.o
    0x00001f98   0x00001f98   0x0000001c   Code   RO         1062    i.nrfx_uarte_tx_in_progress  nrfx_uarte.o
    0x00001fb4   0x00001fb4   0x000000b0   Code   RO         1063    i.nrfx_uarte_uninit  nrfx_uarte.o
    0x00002064   0x00002064   0x0000003c   Code   RO         2222    i.postfix_process   nrf_log_str_formatter.o
    0x000020a0   0x000020a0   0x00000098   Code   RO         2223    i.prefix_process    nrf_log_str_formatter.o
    0x00002138   0x00002138   0x00000018   Code   RO          601    i.prs_box_get       nrfx_prs.o
    0x00002150   0x00002150   0x00000034   Code   RO            8    i.read_register     main.o
    0x00002184   0x00002184   0x00000032   Code   RO          880    i.rx_byte           nrfx_uart.o
    0x000021b6   0x000021b6   0x00000016   Code   RO          881    i.rx_done_event     nrfx_uart.o
    0x000021cc   0x000021cc   0x00000018   Code   RO         1064    i.rx_done_event     nrfx_uarte.o
    0x000021e4   0x000021e4   0x00000040   Code   RO         1900    i.serial_tx         nrf_log_backend_uart.o
    0x00002224   0x00002224   0x0000008c   Code   RO         2058    i.std_n             nrf_log_frontend.o
    0x000022b0   0x000022b0   0x000000aa   Code   RO          478    i.twi_clear_bus     nrf_drv_twi.o
    0x0000235a   0x0000235a   0x00000002   PAD
    0x0000235c   0x0000235c   0x0000002c   Code   RO            9    i.twi_init          main.o
    0x00002388   0x00002388   0x00000040   Code   RO          479    i.twim_evt_handler  nrf_drv_twi.o
    0x000023c8   0x000023c8   0x0000014c   Code   RO          718    i.twim_irq_handler  nrfx_twim.o
    0x00002514   0x00002514   0x00000238   Code   RO          719    i.twim_xfer         nrfx_twim.o
    0x0000274c   0x0000274c   0x00000020   Code   RO          883    i.tx_byte           nrfx_uart.o
    0x0000276c   0x0000276c   0x0000001a   Code   RO          884    i.tx_done_event     nrfx_uart.o
    0x00002786   0x00002786   0x00000002   PAD
    0x00002788   0x00002788   0x00000030   Code   RO          547    i.uart_evt_handler  nrf_drv_uart.o
    0x000027b8   0x000027b8   0x0000000c   Code   RO         1901    i.uart_evt_handler  nrf_log_backend_uart.o
    0x000027c4   0x000027c4   0x00000050   Code   RO         1902    i.uart_init         nrf_log_backend_uart.o
    0x00002814   0x00002814   0x00000128   Code   RO          885    i.uart_irq_handler  nrfx_uart.o
    0x0000293c   0x0000293c   0x00000030   Code   RO          548    i.uarte_evt_handler  nrf_drv_uart.o
    0x0000296c   0x0000296c   0x000000f4   Code   RO         1065    i.uarte_irq_handler  nrfx_uarte.o
    0x00002a60   0x00002a60   0x000000b4   Code   RO         1624    i.unsigned_print    nrf_fprintf_format.o
    0x00002b14   0x00002b14   0x00000028   Code   RO           10    i.write_register    main.o
    0x00002b3c   0x00002b3c   0x00000004   PAD
    0x00002b40   0x00002b40   0x00000028   Data   RO           11    .constdata          main.o
    0x00002b68   0x00002b68   0x00000008   PAD
    0x00002b70   0x00002b70   0x00000006   Data   RO          480    .constdata          nrf_drv_twi.o
    0x00002b76   0x00002b76   0x00000002   PAD
    0x00002b78   0x00002b78   0x0000001c   Data   RO          722    .constdata          nrfx_twim.o
    0x00002b94   0x00002b94   0x00000004   Data   RO          888    .constdata          nrfx_uart.o
    0x00002b98   0x00002b98   0x00000004   Data   RO         1068    .constdata          nrfx_uarte.o
    0x00002b9c   0x00002b9c   0x00000010   Data   RO         1625    .constdata          nrf_fprintf_format.o
    0x00002bac   0x00002bac   0x0000000c   Data   RO         1904    .constdata          nrf_log_backend_uart.o
    0x00002bb8   0x00002bb8   0x00000020   Data   RO         1905    .constdata          nrf_log_backend_uart.o
    0x00002bd8   0x00002bd8   0x0000000c   Data   RO         2063    .constdata          nrf_log_frontend.o
    0x00002be4   0x00002be4   0x00000081   Data   RO         2703    .constdata          mc_w.l(ctype_o.o)
    0x00002c65   0x00002c65   0x00000003   PAD
    0x00002c68   0x00002c68   0x00000004   Data   RO         2704    .constdata          mc_w.l(ctype_o.o)
    0x00002c6c   0x00002c6c   0x00000066   Data   RO         2224    .conststring        nrf_log_str_formatter.o
    0x00002cd2   0x00002cd2   0x00000002   PAD
    0x00002cd4   0x00002cd4   0x00000004   Data   RO          603    .conststrlit        nrfx_prs.o
    0x00002cd8   0x00002cd8   0x00000005   Data   RO          725    .conststrlit        nrfx_twim.o
    0x00002cdd   0x00002cdd   0x00000003   PAD
    0x00002ce0   0x00002ce0   0x00000005   Data   RO          891    .conststrlit        nrfx_uart.o
    0x00002ce5   0x00002ce5   0x00000003   PAD
    0x00002ce8   0x00002ce8   0x00000006   Data   RO         1071    .conststrlit        nrfx_uarte.o
    0x00002cee   0x00002cee   0x00000002   PAD
    0x00002cf0   0x00002cf0   0x00000011   Data   RO         1995    .conststrlit        nrf_log_default_backends.o
    0x00002d01   0x00002d01   0x00000003   PAD
    0x00002d04   0x00002d04   0x00000004   Data   RO         2064    .conststrlit        nrf_log_frontend.o
    0x00002d08   0x00002d08   0x00000020   Data   RO         2760    Region$$Table       anon$$obj.o
    0x00002d28   0x00002d28   0x00000010   Data   RO         1997    log_backends        nrf_log_default_backends.o
    0x00002d38   0x00002d38   0x00000008   Data   RO          605    log_const_data      nrfx_prs.o
    0x00002d40   0x00002d40   0x00000008   Data   RO          726    log_const_data      nrfx_twim.o
    0x00002d48   0x00002d48   0x00000008   Data   RO          892    log_const_data      nrfx_uart.o
    0x00002d50   0x00002d50   0x00000008   Data   RO         1072    log_const_data      nrfx_uarte.o
    0x00002d58   0x00002d58   0x00000008   Data   RO         2067    log_const_data      nrf_log_frontend.o
    0x00002d60   0x00002d60   0x00000014   Data   RO         2068    nrf_balloc          nrf_log_frontend.o


    Execution Region RW_IRAM1 (Exec base: 0x20000000, Load base: 0x00002d74, Size: 0x00002718, Max: 0x00010000, ABSOLUTE)

    Exec Addr    Load Addr    Size         Type   Attr      Idx    E Section Name        Object

    0x20000000   0x00002d74   0x00000008   Data   RW           12    .data               main.o
    0x20000008   0x00002d7c   0x00000010   Data   RW          481    .data               nrf_drv_twi.o
    0x20000018   0x00002d8c   0x0000000c   Data   RW          549    .data               nrf_drv_uart.o
    0x20000024   0x00002d98   0x00000008   Data   RW          604    .data               nrfx_prs.o
    0x2000002c   0x00002da0   0x00000004   Data   RW         1323    .data               app_util_platform.o
    0x20000030   0x00002da4   0x00000018   Data   RW         1906    .data               nrf_log_backend_uart.o
    0x20000048   0x00002dbc   0x00000008   Data   RW         1996    .data               nrf_log_default_backends.o
    0x20000050   0x00002dc4   0x00000008   Data   RW         2065    .data               nrf_log_frontend.o
    0x20000058   0x00002dcc   0x00000008   Data   RW         2066    .data               nrf_log_frontend.o
    0x20000060   0x00002dd4   0x00000040   Data   RW         2225    .data               nrf_log_str_formatter.o
    0x200000a0   0x00002e14   0x00000004   Data   RW         2641    .data               system_nrf52.o
    0x200000a4        -       0x00000068   Zero   RW          720    .bss                nrfx_twim.o
    0x2000010c        -       0x0000002c   Zero   RW          886    .bss                nrfx_uart.o
    0x20000138        -       0x00000024   Zero   RW         1066    .bss                nrfx_uarte.o
    0x2000015c        -       0x00000040   Zero   RW         1903    .bss                nrf_log_backend_uart.o
    0x2000019c        -       0x000000c0   Zero   RW         2059    .bss                nrf_log_frontend.o
    0x2000025c        -       0x00000080   Zero   RW         2060    .bss                nrf_log_frontend.o
    0x200002dc        -       0x00000018   Zero   RW         2061    .bss                nrf_log_frontend.o
    0x200002f4        -       0x00000424   Zero   RW         2062    .bss                nrf_log_frontend.o
    0x20000718        -       0x00002000   Zero   RW         2629    STACK               arm_startup_nrf52.o


==============================================================================

Image component sizes


      Code (inc. data)   RO Data    RW Data    ZI Data      Debug   Object Name

        22          0          0          0          0       2425   app_error.o
         0          0          0          0          0        392   app_error_handler_keil.o
       132         46          0          0          0      35714   app_error_weak.o
        44         10          0          4          0       3260   app_util_platform.o
        36          8        512          0       8192        908   arm_startup_nrf52.o
         0          0          0          0          0      36564   boards.o
       658        206         40          8          0      59868   main.o
       294          0          0          0          0       7731   nrf_atomic.o
       152          0          0          0          0       3516   nrf_balloc.o
       328         16          6         16          0      24759   nrf_drv_twi.o
       200         26          0         12          0      17724   nrf_drv_uart.o
        50          0          0          0          0       3477   nrf_fprintf.o
       850          4         16          0          0       5410   nrf_fprintf_format.o
       200          0          0          0          0      11477   nrf_log_backend_serial.o
       232         44         44         24         64      50138   nrf_log_backend_uart.o
        28          4         33          8          0       3297   nrf_log_default_backends.o
      1446        116         44         16       1404      28517   nrf_log_frontend.o
       566        108        102         64          0       5540   nrf_log_str_formatter.o
       346          0          0          0          0       9443   nrf_memobj.o
        28          0          0          0          0       2327   nrf_ringbuf.o
       102         16         12          8          0       6540   nrfx_prs.o
      1412         52         41          0        104      57387   nrfx_twim.o
      1292         40         17          0         44      28009   nrfx_uart.o
      1134         44         18          0         36      22275   nrfx_uarte.o
       796         70          0          4          0      58694   system_nrf52.o

    ----------------------------------------------------------------------
     10376        814        940        164       9844     485392   Object Totals
         0          0         32          0          0          0   (incl. Generated)
        28          4         23          0          0          0   (incl. Padding)

    ----------------------------------------------------------------------

      Code (inc. data)   RO Data    RW Data    ZI Data      Debug   Library Member Name

         8          4        133          0          0         68   ctype_o.o
         0          0          0          0          0          0   entry.o
         0          0          0          0          0          0   entry10a.o
         0          0          0          0          0          0   entry11a.o
         8          4          0          0          0          0   entry2.o
         4          0          0          0          0          0   entry5.o
         0          0          0          0          0          0   entry7b.o
         0          0          0          0          0          0   entry8b.o
         8          4          0          0          0          0   entry9a.o
        30          0          0          0          0          0   handlers.o
        36          8          0          0          0         68   init.o
        36          0          0          0          0         68   memcpya.o
        36          0          0          0          0        108   memseta.o
        14          0          0          0          0         68   strlen.o

    ----------------------------------------------------------------------
       184         20        136          0          0        380   Library Totals
         4          0          3          0          0          0   (incl. Padding)

    ----------------------------------------------------------------------

      Code (inc. data)   RO Data    RW Data    ZI Data      Debug   Library Name

       180         20        133          0          0        380   mc_w.l

    ----------------------------------------------------------------------
       184         20        136          0          0        380   Library Totals

    ----------------------------------------------------------------------

==============================================================================


      Code (inc. data)   RO Data    RW Data    ZI Data      Debug   

     10560        834       1076        164       9844     473624   Grand Totals
     10560        834       1076        164       9844     473624   ELF Image Totals
     10560        834       1076        164          0          0   ROM Totals

==============================================================================

    Total RO  Size (Code + RO Data)                11636 (  11.36kB)
    Total RW  Size (RW Data + ZI Data)             10008 (   9.77kB)
    Total ROM Size (Code + RO Data + RW Data)      11800 (  11.52kB)

==============================================================================

